Archive member included to satisfy reference by file (symbol)

/nix/store/yshf0x17an3ib9r4sckbwdk6m61dnkay-gcc-arm-embedded-10.3.1/bin/../lib/gcc/arm-none-eabi/10.3.1/thumb/v6-m/nofp/libgcc.a(_dvmd_tls.o)
                              CMakeFiles/hello_world.dir/home/lsena/Work/picoAccel/pico-sdk/src/rp2_common/pico_divider/divider.S.obj (__aeabi_idiv0)
/nix/store/yshf0x17an3ib9r4sckbwdk6m61dnkay-gcc-arm-embedded-10.3.1/bin/../lib/gcc/arm-none-eabi/10.3.1/../../../../arm-none-eabi/lib/thumb/v6-m/nofp/libc.a(lib_a-calloc.o)
                              CMakeFiles/hello_world.dir/home/lsena/Work/picoAccel/pico-sdk/src/rp2_common/pico_malloc/pico_malloc.c.obj (calloc)
/nix/store/yshf0x17an3ib9r4sckbwdk6m61dnkay-gcc-arm-embedded-10.3.1/bin/../lib/gcc/arm-none-eabi/10.3.1/../../../../arm-none-eabi/lib/thumb/v6-m/nofp/libc.a(lib_a-callocr.o)
                              /nix/store/yshf0x17an3ib9r4sckbwdk6m61dnkay-gcc-arm-embedded-10.3.1/bin/../lib/gcc/arm-none-eabi/10.3.1/../../../../arm-none-eabi/lib/thumb/v6-m/nofp/libc.a(lib_a-calloc.o) (_calloc_r)
/nix/store/yshf0x17an3ib9r4sckbwdk6m61dnkay-gcc-arm-embedded-10.3.1/bin/../lib/gcc/arm-none-eabi/10.3.1/../../../../arm-none-eabi/lib/thumb/v6-m/nofp/libc.a(lib_a-errno.o)
                              /nix/store/yshf0x17an3ib9r4sckbwdk6m61dnkay-gcc-arm-embedded-10.3.1/bin/../lib/gcc/arm-none-eabi/10.3.1/../../../../arm-none-eabi/lib/thumb/v6-m/nofp/libc.a(lib_a-callocr.o) (__errno)
/nix/store/yshf0x17an3ib9r4sckbwdk6m61dnkay-gcc-arm-embedded-10.3.1/bin/../lib/gcc/arm-none-eabi/10.3.1/../../../../arm-none-eabi/lib/thumb/v6-m/nofp/libc.a(lib_a-impure.o)
                              /nix/store/yshf0x17an3ib9r4sckbwdk6m61dnkay-gcc-arm-embedded-10.3.1/bin/../lib/gcc/arm-none-eabi/10.3.1/../../../../arm-none-eabi/lib/thumb/v6-m/nofp/libc.a(lib_a-calloc.o) (_impure_ptr)
/nix/store/yshf0x17an3ib9r4sckbwdk6m61dnkay-gcc-arm-embedded-10.3.1/bin/../lib/gcc/arm-none-eabi/10.3.1/../../../../arm-none-eabi/lib/thumb/v6-m/nofp/libc.a(lib_a-init.o)
                              /nix/store/yshf0x17an3ib9r4sckbwdk6m61dnkay-gcc-arm-embedded-10.3.1/bin/../lib/gcc/arm-none-eabi/10.3.1/../../../../arm-none-eabi/lib/thumb/v6-m/nofp/crt0.o (__libc_init_array)
/nix/store/yshf0x17an3ib9r4sckbwdk6m61dnkay-gcc-arm-embedded-10.3.1/bin/../lib/gcc/arm-none-eabi/10.3.1/../../../../arm-none-eabi/lib/thumb/v6-m/nofp/libc.a(lib_a-malloc.o)
                              CMakeFiles/hello_world.dir/home/lsena/Work/picoAccel/pico-sdk/src/rp2_common/pico_malloc/pico_malloc.c.obj (malloc)
/nix/store/yshf0x17an3ib9r4sckbwdk6m61dnkay-gcc-arm-embedded-10.3.1/bin/../lib/gcc/arm-none-eabi/10.3.1/../../../../arm-none-eabi/lib/thumb/v6-m/nofp/libc.a(lib_a-mallocr.o)
                              /nix/store/yshf0x17an3ib9r4sckbwdk6m61dnkay-gcc-arm-embedded-10.3.1/bin/../lib/gcc/arm-none-eabi/10.3.1/../../../../arm-none-eabi/lib/thumb/v6-m/nofp/libc.a(lib_a-callocr.o) (_malloc_r)
/nix/store/yshf0x17an3ib9r4sckbwdk6m61dnkay-gcc-arm-embedded-10.3.1/bin/../lib/gcc/arm-none-eabi/10.3.1/../../../../arm-none-eabi/lib/thumb/v6-m/nofp/libc.a(lib_a-mlock.o)
                              /nix/store/yshf0x17an3ib9r4sckbwdk6m61dnkay-gcc-arm-embedded-10.3.1/bin/../lib/gcc/arm-none-eabi/10.3.1/../../../../arm-none-eabi/lib/thumb/v6-m/nofp/libc.a(lib_a-mallocr.o) (__malloc_lock)
/nix/store/yshf0x17an3ib9r4sckbwdk6m61dnkay-gcc-arm-embedded-10.3.1/bin/../lib/gcc/arm-none-eabi/10.3.1/../../../../arm-none-eabi/lib/thumb/v6-m/nofp/libc.a(lib_a-sbrkr.o)
                              /nix/store/yshf0x17an3ib9r4sckbwdk6m61dnkay-gcc-arm-embedded-10.3.1/bin/../lib/gcc/arm-none-eabi/10.3.1/../../../../arm-none-eabi/lib/thumb/v6-m/nofp/libc.a(lib_a-mallocr.o) (_sbrk_r)
/nix/store/yshf0x17an3ib9r4sckbwdk6m61dnkay-gcc-arm-embedded-10.3.1/bin/../lib/gcc/arm-none-eabi/10.3.1/../../../../arm-none-eabi/lib/thumb/v6-m/nofp/libc.a(lib_a-strlen-stub.o)
                              CMakeFiles/hello_world.dir/home/lsena/Work/picoAccel/pico-sdk/src/rp2_common/pico_stdio/stdio.c.obj (strlen)
/nix/store/yshf0x17an3ib9r4sckbwdk6m61dnkay-gcc-arm-embedded-10.3.1/bin/../lib/gcc/arm-none-eabi/10.3.1/../../../../arm-none-eabi/lib/thumb/v6-m/nofp/libc.a(lib_a-freer.o)
                              /nix/store/yshf0x17an3ib9r4sckbwdk6m61dnkay-gcc-arm-embedded-10.3.1/bin/../lib/gcc/arm-none-eabi/10.3.1/../../../../arm-none-eabi/lib/thumb/v6-m/nofp/libc.a(lib_a-malloc.o) (_free_r)
/nix/store/yshf0x17an3ib9r4sckbwdk6m61dnkay-gcc-arm-embedded-10.3.1/bin/../lib/gcc/arm-none-eabi/10.3.1/../../../../arm-none-eabi/lib/thumb/v6-m/nofp/libc.a(lib_a-lock.o)
                              /nix/store/yshf0x17an3ib9r4sckbwdk6m61dnkay-gcc-arm-embedded-10.3.1/bin/../lib/gcc/arm-none-eabi/10.3.1/../../../../arm-none-eabi/lib/thumb/v6-m/nofp/libc.a(lib_a-mlock.o) (__retarget_lock_acquire_recursive)
/nix/store/yshf0x17an3ib9r4sckbwdk6m61dnkay-gcc-arm-embedded-10.3.1/bin/../lib/gcc/arm-none-eabi/10.3.1/../../../../arm-none-eabi/lib/thumb/v6-m/nofp/libc.a(lib_a-reent.o)
[...]
Memory Configuration

Name             Origin             Length             Attributes
FLASH            0x0000000010000000 0x0000000000200000 xr
RAM              0x0000000020000000 0x0000000000040000 xrw
SCRATCH_X        0x0000000020040000 0x0000000000001000 xrw
SCRATCH_Y        0x0000000020041000 0x0000000000001000 xrw
*default*        0x0000000000000000 0xffffffffffffffff

Linker script and memory map

LOAD /nix/store/yshf0x17an3ib9r4sckbwdk6m61dnkay-gcc-arm-embedded-10.3.1/bin/../lib/gcc/arm-none-eabi/10.3.1/thumb/v6-m/nofp/crti.o
LOAD /nix/store/yshf0x17an3ib9r4sckbwdk6m61dnkay-gcc-arm-embedded-10.3.1/bin/../lib/gcc/arm-none-eabi/10.3.1/thumb/v6-m/nofp/crtbegin.o
LOAD /nix/store/yshf0x17an3ib9r4sckbwdk6m61dnkay-gcc-arm-embedded-10.3.1/bin/../lib/gcc/arm-none-eabi/10.3.1/../../../../arm-none-eabi/lib/thumb/v6-m/nofp/crt0.o

.flash_begin    0x0000000010000000        0x0
                0x0000000010000000                __flash_binary_start = .

.boot2          0x0000000010000000      0x100
                0x0000000010000000                __boot2_start__ = .
 *(.boot2)
 .boot2         0x0000000010000000      0x100 /run/user/1000/ccVq6GUD.o
                0x0000000010000100                __boot2_end__ = .
                0x0000000000000001                ASSERT (((__boot2_end__ - __boot2_start__) == 0x100), ERROR: Pico second stage bootloader must be 256 bytes in size)

.text           0x0000000010000100     0x4b40
                0x0000000010000100                __logical_binary_start = .
 *(.vectors)
 .vectors       0x0000000010000100       0xd4 CMakeFiles/hello_world.dir/home/lsena/Work/picoAccel/pico-sdk/src/rp2_common/pico_standard_link/crt0.S.obj
                0x0000000010000100                __vectors
                0x0000000010000100                __VECTOR_TABLE
                0x00000000100001c0                isr_invalid
                0x00000000100001c0                __default_isrs_start
                0x00000000100001c2                isr_nmi
                0x00000000100001c4                isr_hardfault
                0x00000000100001c6                isr_svcall
                0x00000000100001c8                isr_pendsv
                0x00000000100001ca                isr_systick
                0x00000000100001cc                isr_irq30
                0x00000000100001cc                __unhandled_user_irq
                0x00000000100001cc                isr_irq13
                0x00000000100001cc                isr_irq27
                0x00000000100001cc                isr_irq31
                0x00000000100001cc                isr_irq5
                0x00000000100001cc                isr_irq11
                0x00000000100001cc                isr_irq23
                0x00000000100001cc                isr_irq18
                0x00000000100001cc                isr_irq28
                0x00000000100001cc                isr_irq19
                0x00000000100001cc                isr_irq0
                0x00000000100001cc                isr_irq6
                0x00000000100001cc                isr_irq22
                0x00000000100001cc                isr_irq17
                0x00000000100001cc                isr_irq14
                0x00000000100001cc                isr_irq2
                0x00000000100001cc                isr_irq10
                0x00000000100001cc                isr_irq8
                0x00000000100001cc                isr_irq24
                0x00000000100001cc                isr_irq1
                0x00000000100001cc                isr_irq7
                0x00000000100001cc                isr_irq21
                0x00000000100001cc                isr_irq20
                0x00000000100001cc                isr_irq15
                0x00000000100001cc                isr_irq25
                0x00000000100001cc                isr_irq4
                0x00000000100001cc                isr_irq16
                0x00000000100001cc                isr_irq29
                0x00000000100001cc                isr_irq26
                0x00000000100001cc                __default_isrs_end
                0x00000000100001cc                isr_irq3
                0x00000000100001cc                isr_irq12
                0x00000000100001cc                isr_irq9
                0x00000000100001d2                unhandled_user_irq_num_in_r0
 *(.binary_info_header)
 .binary_info_header
                0x00000000100001d4       0x14 CMakeFiles/hello_world.dir/home/lsena/Work/picoAccel/pico-sdk/src/rp2_common/pico_standard_link/crt0.S.obj
                0x00000000100001e8                __binary_info_header_end = .
 *(.reset)
 .reset         0x00000000100001e8       0xa8 CMakeFiles/hello_world.dir/home/lsena/Work/picoAccel/pico-sdk/src/rp2_common/pico_standard_link/crt0.S.obj
                0x00000000100001e8                _entry_point
                0x0000000010000266                __get_current_exception
 .reset         0x0000000010000290       0x30 CMakeFiles/hello_world.dir/home/lsena/Work/picoAccel/pico-sdk/src/rp2_common/pico_standard_link/binary_info.c.obj
 *(.init)
 .init          0x00000000100002c0        0x4 /nix/store/yshf0x17an3ib9r4sckbwdk6m61dnkay-gcc-arm-embedded-10.3.1/bin/../lib/gcc/arm-none-eabi/10.3.1/thumb/v6-m/nofp/crti.o
                0x00000000100002c0                _init
 *(EXCLUDE_FILE(*libm.a: *libc.a:*lib_a-mem*.o *libgcc.a:) .text*)
 .text          0x00000000100002c4       0x48 /nix/store/yshf0x17an3ib9r4sckbwdk6m61dnkay-gcc-arm-embedded-10.3.1/bin/../lib/gcc/arm-none-eabi/10.3.1/thumb/v6-m/nofp/crtbegin.o
 .text.startup.main
                0x000000001000030c       0x18 CMakeFiles/hello_world.dir/hello_world.c.obj
                0x000000001000030c                main
 .text.setup_default_uart
                0x0000000010000324        0x8 CMakeFiles/hello_world.dir/home/lsena/Work/picoAccel/pico-sdk/src/rp2_common/pico_stdlib/stdlib.c.obj
                0x0000000010000324                setup_default_uart
 .text.gpio_set_function
                0x000000001000032c       0x30 CMakeFiles/hello_world.dir/home/lsena/Work/picoAccel/pico-sdk/src/rp2_common/hardware_gpio/gpio.c.obj
                0x000000001000032c                gpio_set_function
 .text.hw_claim_or_assert
                0x000000001000035c       0x44 CMakeFiles/hello_world.dir/home/lsena/Work/picoAccel/pico-sdk/src/rp2_common/hardware_claim/claim.c.obj
                0x000000001000035c                hw_claim_or_assert
 .text.hw_claim_unused_from_range
                0x00000000100003a0       0x9c CMakeFiles/hello_world.dir/home/lsena/Work/picoAccel/pico-sdk/src/rp2_common/hardware_claim/claim.c.obj
                0x00000000100003a0                hw_claim_unused_from_range
 .text.running_on_fpga
                0x000000001000043c       0x10 CMakeFiles/hello_world.dir/home/lsena/Work/picoAccel/pico-sdk/src/rp2_common/pico_platform/platform.c.obj
                0x000000001000043c                running_on_fpga
 .text.spin_locks_reset
                0x000000001000044c       0x1c CMakeFiles/hello_world.dir/home/lsena/Work/picoAccel/pico-sdk/src/rp2_common/hardware_sync/sync.c.obj
                0x000000001000044c                spin_locks_reset
 .text.next_striped_spin_lock_num
                0x0000000010000468       0x18 CMakeFiles/hello_world.dir/home/lsena/Work/picoAccel/pico-sdk/src/rp2_common/hardware_sync/sync.c.obj
                0x0000000010000468                next_striped_spin_lock_num
 .text.spin_lock_claim_unused
                0x0000000010000480       0x20 CMakeFiles/hello_world.dir/home/lsena/Work/picoAccel/pico-sdk/src/rp2_common/hardware_sync/sync.c.obj
                0x0000000010000480                spin_lock_claim_unused
 .text.uart_init
                0x00000000100004a0       0xe0 CMakeFiles/hello_world.dir/home/lsena/Work/picoAccel/pico-sdk/src/rp2_common/hardware_uart/uart.c.obj
                0x00000000100004a0                uart_init
 .text.timer_pool_entry_comparator
                0x0000000010000580       0x34 CMakeFiles/hello_world.dir/home/lsena/Work/picoAccel/pico-sdk/src/common/pico_time/time.c.obj
                0x0000000010000580                timer_pool_entry_comparator
 .text.sleep_until_callback
                0x00000000100005b4       0x30 CMakeFiles/hello_world.dir/home/lsena/Work/picoAccel/pico-sdk/src/common/pico_time/time.c.obj
 .text.add_alarm_under_lock.isra.0
                0x00000000100005e4      0x100 CMakeFiles/hello_world.dir/home/lsena/Work/picoAccel/pico-sdk/src/common/pico_time/time.c.obj
 .text.alarm_pool_alarm_callback
                0x00000000100006e4      0x1c8 CMakeFiles/hello_world.dir/home/lsena/Work/picoAccel/pico-sdk/src/common/pico_time/time.c.obj
 .text.alarm_pool_add_alarm_at.constprop.0
                0x00000000100008ac      0x11c CMakeFiles/hello_world.dir/home/lsena/Work/picoAccel/pico-sdk/src/common/pico_time/time.c.obj
 .text.alarm_pool_init_default
                0x00000000100009c8       0x64 CMakeFiles/hello_world.dir/home/lsena/Work/picoAccel/pico-sdk/src/common/pico_time/time.c.obj
                0x00000000100009c8                alarm_pool_init_default
 .text.alarm_pool_get_default
                0x0000000010000a2c        0x8 CMakeFiles/hello_world.dir/home/lsena/Work/picoAccel/pico-sdk/src/common/pico_time/time.c.obj
                0x0000000010000a2c                alarm_pool_get_default
 .text.alarm_pool_add_alarm_at
                0x0000000010000a34      0x194 CMakeFiles/hello_world.dir/home/lsena/Work/picoAccel/pico-sdk/src/common/pico_time/time.c.obj
                0x0000000010000a34                alarm_pool_add_alarm_at
 .text.best_effort_wfe_or_timeout
                0x0000000010000bc8       0xd4 CMakeFiles/hello_world.dir/home/lsena/Work/picoAccel/pico-sdk/src/common/pico_time/time.c.obj
                0x0000000010000bc8                best_effort_wfe_or_timeout
 .text.hardware_alarm_irq_handler
                0x0000000010000c9c       0xb8 CMakeFiles/hello_world.dir/home/lsena/Work/picoAccel/pico-sdk/src/rp2_common/hardware_timer/timer.c.obj
 .text.hardware_alarm_claim
                0x0000000010000d54       0x18 CMakeFiles/hello_world.dir/home/lsena/Work/picoAccel/pico-sdk/src/rp2_common/hardware_timer/timer.c.obj
                0x0000000010000d54                hardware_alarm_claim
 .text.time_us_64
                0x0000000010000d6c       0x14 CMakeFiles/hello_world.dir/home/lsena/Work/picoAccel/pico-sdk/src/rp2_common/hardware_timer/timer.c.obj
                0x0000000010000d6c                time_us_64
 .text.hardware_alarm_set_callback
                0x0000000010000d80       0x8c CMakeFiles/hello_world.dir/home/lsena/Work/picoAccel/pico-sdk/src/rp2_common/hardware_timer/timer.c.obj
                0x0000000010000d80                hardware_alarm_set_callback
 .text.hardware_alarm_set_target
                0x0000000010000e0c       0xe0 CMakeFiles/hello_world.dir/home/lsena/Work/picoAccel/pico-sdk/src/rp2_common/hardware_timer/timer.c.obj
                0x0000000010000e0c                hardware_alarm_set_target
 .text.hardware_alarm_cancel
                0x0000000010000eec       0x3c CMakeFiles/hello_world.dir/home/lsena/Work/picoAccel/pico-sdk/src/rp2_common/hardware_timer/timer.c.obj
                0x0000000010000eec                hardware_alarm_cancel
 .text.lock_init
                0x0000000010000f28       0x10 CMakeFiles/hello_world.dir/home/lsena/Work/picoAccel/pico-sdk/src/common/pico_sync/lock_core.c.obj
                0x0000000010000f28                lock_init
 .text.mutex_init
                0x0000000010000f38       0x1c CMakeFiles/hello_world.dir/home/lsena/Work/picoAccel/pico-sdk/src/common/pico_sync/mutex.c.obj
                0x0000000010000f38                mutex_init
 .text.recursive_mutex_init
                0x0000000010000f54       0x1c CMakeFiles/hello_world.dir/home/lsena/Work/picoAccel/pico-sdk/src/common/pico_sync/mutex.c.obj
                0x0000000010000f54                recursive_mutex_init
 .text.critical_section_init
                0x0000000010000f70       0x20 CMakeFiles/hello_world.dir/home/lsena/Work/picoAccel/pico-sdk/src/common/pico_sync/critical_section.c.obj
                0x0000000010000f70                critical_section_init
 .text.ph_merge_nodes
                0x0000000010000f90       0x68 CMakeFiles/hello_world.dir/home/lsena/Work/picoAccel/pico-sdk/src/common/pico_util/pheap.c.obj
 .text.ph_post_alloc_init
                0x0000000010000ff8       0x3c CMakeFiles/hello_world.dir/home/lsena/Work/picoAccel/pico-sdk/src/common/pico_util/pheap.c.obj
                0x0000000010000ff8                ph_post_alloc_init
 .text.ph_merge_two_pass
                0x0000000010001034       0x90 CMakeFiles/hello_world.dir/home/lsena/Work/picoAccel/pico-sdk/src/common/pico_util/pheap.c.obj
                0x0000000010001034                ph_merge_two_pass
 .text.ph_remove_any_head
                0x00000000100010c4       0xf8 CMakeFiles/hello_world.dir/home/lsena/Work/picoAccel/pico-sdk/src/common/pico_util/pheap.c.obj
 .text.ph_remove_head
                0x00000000100011bc       0xfc CMakeFiles/hello_world.dir/home/lsena/Work/picoAccel/pico-sdk/src/common/pico_util/pheap.c.obj
                0x00000000100011bc                ph_remove_head
 .text.ph_remove_and_free_node
                0x00000000100012b8       0x7c CMakeFiles/hello_world.dir/home/lsena/Work/picoAccel/pico-sdk/src/common/pico_util/pheap.c.obj
                0x00000000100012b8                ph_remove_and_free_node
 .text.runtime_init
                0x0000000010001334       0xf0 CMakeFiles/hello_world.dir/home/lsena/Work/picoAccel/pico-sdk/src/rp2_common/pico_runtime/runtime.c.obj
                0x0000000010001334                runtime_init
 .text.exit     0x0000000010001424        0x4 CMakeFiles/hello_world.dir/home/lsena/Work/picoAccel/pico-sdk/src/rp2_common/pico_runtime/runtime.c.obj
                0x0000000010001424                exit
 .text.panic    0x0000000010001428       0x30 CMakeFiles/hello_world.dir/home/lsena/Work/picoAccel/pico-sdk/src/rp2_common/pico_runtime/runtime.c.obj
                0x0000000010001428                panic
 .text.hard_assertion_failure
                0x0000000010001458        0xc CMakeFiles/hello_world.dir/home/lsena/Work/picoAccel/pico-sdk/src/rp2_common/pico_runtime/runtime.c.obj
                0x0000000010001458                hard_assertion_failure
 .text.clocks_init
                0x0000000010001464      0x2bc CMakeFiles/hello_world.dir/home/lsena/Work/picoAccel/pico-sdk/src/rp2_common/hardware_clocks/clocks.c.obj
                0x0000000010001464                clocks_init
 .text.clock_get_hz
                0x0000000010001720        0xc CMakeFiles/hello_world.dir/home/lsena/Work/picoAccel/pico-sdk/src/rp2_common/hardware_clocks/clocks.c.obj
                0x0000000010001720                clock_get_hz
 .text.irq_set_enabled
                0x000000001000172c       0x24 CMakeFiles/hello_world.dir/home/lsena/Work/picoAccel/pico-sdk/src/rp2_common/hardware_irq/irq.c.obj
                0x000000001000172c                irq_set_enabled
 .text.irq_set_pending
                0x0000000010001750       0x10 CMakeFiles/hello_world.dir/home/lsena/Work/picoAccel/pico-sdk/src/rp2_common/hardware_irq/irq.c.obj
                0x0000000010001750                irq_set_pending
 .text.irq_get_vtable_handler
                0x0000000010001760       0x10 CMakeFiles/hello_world.dir/home/lsena/Work/picoAccel/pico-sdk/src/rp2_common/hardware_irq/irq.c.obj
                0x0000000010001760                irq_get_vtable_handler
 .text.irq_set_exclusive_handler
                0x0000000010001770       0x54 CMakeFiles/hello_world.dir/home/lsena/Work/picoAccel/pico-sdk/src/rp2_common/hardware_irq/irq.c.obj
                0x0000000010001770                irq_set_exclusive_handler
 .text.irq_remove_handler
                0x00000000100017c4      0x1b4 CMakeFiles/hello_world.dir/home/lsena/Work/picoAccel/pico-sdk/src/rp2_common/hardware_irq/irq.c.obj
                0x00000000100017c4                irq_remove_handler
 .text.irq_add_tail_to_free_list
                0x0000000010001978       0xb4 CMakeFiles/hello_world.dir/home/lsena/Work/picoAccel/pico-sdk/src/rp2_common/hardware_irq/irq.c.obj
                0x0000000010001978                irq_add_tail_to_free_list
 .text.irq_init_priorities
                0x0000000010001a2c       0x24 CMakeFiles/hello_world.dir/home/lsena/Work/picoAccel/pico-sdk/src/rp2_common/hardware_irq/irq.c.obj
                0x0000000010001a2c                irq_init_priorities
 .text.pll_init
                0x0000000010001a50       0xb0 CMakeFiles/hello_world.dir/home/lsena/Work/picoAccel/pico-sdk/src/rp2_common/hardware_pll/pll.c.obj
                0x0000000010001a50                pll_init
 .text.watchdog_start_tick
                0x0000000010001b00       0x10 CMakeFiles/hello_world.dir/home/lsena/Work/picoAccel/pico-sdk/src/rp2_common/hardware_watchdog/watchdog.c.obj
                0x0000000010001b00                watchdog_start_tick
 .text.watchdog_reboot
                0x0000000010001b10       0x98 CMakeFiles/hello_world.dir/home/lsena/Work/picoAccel/pico-sdk/src/rp2_common/hardware_watchdog/watchdog.c.obj
                0x0000000010001b10                watchdog_reboot
 .text.xosc_init
                0x0000000010001ba8       0x28 CMakeFiles/hello_world.dir/home/lsena/Work/picoAccel/pico-sdk/src/rp2_common/hardware_xosc/xosc.c.obj
                0x0000000010001ba8                xosc_init
 .text._out_char
                0x0000000010001bd0       0x10 CMakeFiles/hello_world.dir/home/lsena/Work/picoAccel/pico-sdk/src/rp2_common/pico_printf/printf.c.obj
 .text.weak_raw_vprintf
                0x0000000010001be0       0x30 CMakeFiles/hello_world.dir/home/lsena/Work/picoAccel/pico-sdk/src/rp2_common/pico_printf/printf.c.obj
                0x0000000010001be0                weak_raw_vprintf
 .text          0x0000000010001c10       0x10 CMakeFiles/hello_world.dir/home/lsena/Work/picoAccel/pico-sdk/src/rp2_common/pico_bit_ops/bit_ops_aeabi.S.obj
 .text.rom_func_lookup
                0x0000000010001c20       0x10 CMakeFiles/hello_world.dir/home/lsena/Work/picoAccel/pico-sdk/src/rp2_common/pico_bootrom/bootrom.c.obj
                0x0000000010001c20                rom_func_lookup
 .text.rom_data_lookup
                0x0000000010001c30       0x10 CMakeFiles/hello_world.dir/home/lsena/Work/picoAccel/pico-sdk/src/rp2_common/pico_bootrom/bootrom.c.obj
                0x0000000010001c30                rom_data_lookup
 .text.rom_funcs_lookup
                0x0000000010001c40       0x44 CMakeFiles/hello_world.dir/home/lsena/Work/picoAccel/pico-sdk/src/rp2_common/pico_bootrom/bootrom.c.obj
                0x0000000010001c40                rom_funcs_lookup
 .text.__wrap___aeabi_uidiv
                0x0000000010001c84       0x4c CMakeFiles/hello_world.dir/home/lsena/Work/picoAccel/pico-sdk/src/rp2_common/pico_divider/divider.S.obj
                0x0000000010001c84                __wrap___aeabi_uidiv
                0x0000000010001c84                __wrap___aeabi_uidivmod
                0x0000000010001c84                div_u32u32
                0x0000000010001c84                divmod_u32u32
                0x0000000010001c8c                divmod_u32u32_unsafe
                0x0000000010001cb4                divmod_u32u32_savestate
 .text.__aeabi_double_init
                0x0000000010001cd0       0x94 CMakeFiles/hello_world.dir/home/lsena/Work/picoAccel/pico-sdk/src/rp2_common/pico_double/double_init_rom.c.obj
                0x0000000010001cd0                __aeabi_double_init
 .text.double_table_shim_on_use_helper
                0x0000000010001d64       0x2c CMakeFiles/hello_world.dir/home/lsena/Work/picoAccel/pico-sdk/src/rp2_common/pico_double/double_v1_rom_shim.S.obj
                0x0000000010001d64                double_table_shim_on_use_helper
 .text.__aeabi_lmul
                0x0000000010001d90       0x32 CMakeFiles/hello_world.dir/home/lsena/Work/picoAccel/pico-sdk/src/rp2_common/pico_int64_ops/pico_int64_ops_aeabi.S.obj
                0x0000000010001d90                __wrap___aeabi_lmul
 *fill*         0x0000000010001dc2        0x2 
 .text.__aeabi_float_init
                0x0000000010001dc4       0x64 CMakeFiles/hello_world.dir/home/lsena/Work/picoAccel/pico-sdk/src/rp2_common/pico_float/float_init_rom.c.obj
                0x0000000010001dc4                __aeabi_float_init
 .text.float_table_shim_on_use_helper
                0x0000000010001e28       0x2c CMakeFiles/hello_world.dir/home/lsena/Work/picoAccel/pico-sdk/src/rp2_common/pico_float/float_v1_rom_shim.S.obj
                0x0000000010001e28                float_table_shim_on_use_helper
 .text          0x0000000010001e54       0x10 CMakeFiles/hello_world.dir/home/lsena/Work/picoAccel/pico-sdk/src/rp2_common/pico_mem_ops/mem_ops_aeabi.S.obj
                0x0000000010001e54                __aeabi_mem_init
 .text.memset   0x0000000010001e64        0xc CMakeFiles/hello_world.dir/home/lsena/Work/picoAccel/pico-sdk/src/rp2_common/pico_mem_ops/mem_ops_aeabi.S.obj
                0x0000000010001e64                __wrap_memset
 .text.memcpy   0x0000000010001e70        0xc CMakeFiles/hello_world.dir/home/lsena/Work/picoAccel/pico-sdk/src/rp2_common/pico_mem_ops/mem_ops_aeabi.S.obj
                0x0000000010001e70                __wrap___aeabi_memcpy
                0x0000000010001e70                __wrap_memcpy
 .text.stdio_out_chars_no_crlf
                0x0000000010001e7c       0x10 CMakeFiles/hello_world.dir/home/lsena/Work/picoAccel/pico-sdk/src/rp2_common/pico_stdio/stdio.c.obj
 .text.stdio_out_chars_crlf
                0x0000000010001e8c       0xb4 CMakeFiles/hello_world.dir/home/lsena/Work/picoAccel/pico-sdk/src/rp2_common/pico_stdio/stdio.c.obj
 .text.stdio_put_string.isra.0
                0x0000000010001f40       0xfc CMakeFiles/hello_world.dir/home/lsena/Work/picoAccel/pico-sdk/src/rp2_common/pico_stdio/stdio.c.obj
 .text.__wrap_putchar
                0x000000001000203c       0xa0 CMakeFiles/hello_world.dir/home/lsena/Work/picoAccel/pico-sdk/src/rp2_common/pico_stdio/stdio.c.obj
                0x000000001000203c                __wrap_putchar
 .text.__wrap_puts
                0x00000000100020dc       0x3c CMakeFiles/hello_world.dir/home/lsena/Work/picoAccel/pico-sdk/src/rp2_common/pico_stdio/stdio.c.obj
                0x00000000100020dc                __wrap_puts
 .text.stdio_set_driver_enabled
                0x0000000010002118       0x30 CMakeFiles/hello_world.dir/home/lsena/Work/picoAccel/pico-sdk/src/rp2_common/pico_stdio/stdio.c.obj
                0x0000000010002118                stdio_set_driver_enabled
 .text.stdio_init_all
                0x0000000010002148        0xc CMakeFiles/hello_world.dir/home/lsena/Work/picoAccel/pico-sdk/src/rp2_common/pico_stdio/stdio.c.obj
                0x0000000010002148                stdio_init_all
 .text.stdio_uart_out_chars
                0x0000000010002154       0x4c CMakeFiles/hello_world.dir/home/lsena/Work/picoAccel/pico-sdk/src/rp2_common/pico_stdio_uart/stdio_uart.c.obj
 .text.stdio_uart_in_chars
                0x00000000100021a0       0x38 CMakeFiles/hello_world.dir/home/lsena/Work/picoAccel/pico-sdk/src/rp2_common/pico_stdio_uart/stdio_uart.c.obj
                0x00000000100021a0                stdio_uart_in_chars
 .text.stdio_uart_init
                0x00000000100021d8       0x48 CMakeFiles/hello_world.dir/home/lsena/Work/picoAccel/pico-sdk/src/rp2_common/pico_stdio_uart/stdio_uart.c.obj
                0x00000000100021d8                stdio_uart_init
 .text.resetd_init
                0x0000000010002220        0x4 CMakeFiles/hello_world.dir/home/lsena/Work/picoAccel/pico-sdk/src/rp2_common/pico_stdio_usb/reset_interface.c.obj
 .text.resetd_reset
                0x0000000010002224        0xc CMakeFiles/hello_world.dir/home/lsena/Work/picoAccel/pico-sdk/src/rp2_common/pico_stdio_usb/reset_interface.c.obj
 .text.resetd_open
                0x0000000010002230       0x28 CMakeFiles/hello_world.dir/home/lsena/Work/picoAccel/pico-sdk/src/rp2_common/pico_stdio_usb/reset_interface.c.obj
 .text.resetd_xfer_cb
                0x0000000010002258        0x4 CMakeFiles/hello_world.dir/home/lsena/Work/picoAccel/pico-sdk/src/rp2_common/pico_stdio_usb/reset_interface.c.obj
 .text.resetd_control_xfer_cb
                0x000000001000225c       0x64 CMakeFiles/hello_world.dir/home/lsena/Work/picoAccel/pico-sdk/src/rp2_common/pico_stdio_usb/reset_interface.c.obj
 .text.usbd_app_driver_get_cb
                0x00000000100022c0        0xc CMakeFiles/hello_world.dir/home/lsena/Work/picoAccel/pico-sdk/src/rp2_common/pico_stdio_usb/reset_interface.c.obj
                0x00000000100022c0                usbd_app_driver_get_cb
 .text.tud_cdc_line_coding_cb
                0x00000000100022cc       0x34 CMakeFiles/hello_world.dir/home/lsena/Work/picoAccel/pico-sdk/src/rp2_common/pico_stdio_usb/reset_interface.c.obj
                0x00000000100022cc                tud_cdc_line_coding_cb
 .text.stdio_usb_in_chars
                0x0000000010002300       0x68 CMakeFiles/hello_world.dir/home/lsena/Work/picoAccel/pico-sdk/src/rp2_common/pico_stdio_usb/stdio_usb.c.obj
                0x0000000010002300                stdio_usb_in_chars
 .text.stdio_usb_out_chars
                0x0000000010002368       0xe4 CMakeFiles/hello_world.dir/home/lsena/Work/picoAccel/pico-sdk/src/rp2_common/pico_stdio_usb/stdio_usb.c.obj
 .text.timer_task
                0x000000001000244c       0x10 CMakeFiles/hello_world.dir/home/lsena/Work/picoAccel/pico-sdk/src/rp2_common/pico_stdio_usb/stdio_usb.c.obj
 .text.low_priority_worker_irq
                0x000000001000245c       0x24 CMakeFiles/hello_world.dir/home/lsena/Work/picoAccel/pico-sdk/src/rp2_common/pico_stdio_usb/stdio_usb.c.obj
 .text.stdio_usb_init
                0x0000000010002480       0x90 CMakeFiles/hello_world.dir/home/lsena/Work/picoAccel/pico-sdk/src/rp2_common/pico_stdio_usb/stdio_usb.c.obj
                0x0000000010002480                stdio_usb_init
 .text.tud_descriptor_device_cb
                0x0000000010002510        0x8 CMakeFiles/hello_world.dir/home/lsena/Work/picoAccel/pico-sdk/src/rp2_common/pico_stdio_usb/stdio_usb_descriptors.c.obj
                0x0000000010002510                tud_descriptor_device_cb
 .text.tud_descriptor_configuration_cb
                0x0000000010002518        0x8 CMakeFiles/hello_world.dir/home/lsena/Work/picoAccel/pico-sdk/src/rp2_common/pico_stdio_usb/stdio_usb_descriptors.c.obj
                0x0000000010002518                tud_descriptor_configuration_cb
 .text.tud_descriptor_string_cb
                0x0000000010002520       0x74 CMakeFiles/hello_world.dir/home/lsena/Work/picoAccel/pico-sdk/src/rp2_common/pico_stdio_usb/stdio_usb_descriptors.c.obj
                0x0000000010002520                tud_descriptor_string_cb
 .text.dcd_rp2040_irq
                0x0000000010002594      0x21c CMakeFiles/hello_world.dir/home/lsena/Work/picoAccel/pico-sdk/lib/tinyusb/src/portable/raspberrypi/rp2040/dcd_rp2040.c.obj
 .text.dcd_int_enable
                0x00000000100027b0        0xc CMakeFiles/hello_world.dir/home/lsena/Work/picoAccel/pico-sdk/lib/tinyusb/src/portable/raspberrypi/rp2040/dcd_rp2040.c.obj
                0x00000000100027b0                dcd_int_enable
 .text.dcd_set_address
                0x00000000100027bc       0x14 CMakeFiles/hello_world.dir/home/lsena/Work/picoAccel/pico-sdk/lib/tinyusb/src/portable/raspberrypi/rp2040/dcd_rp2040.c.obj
                0x00000000100027bc                dcd_set_address
 .text.dcd_connect
                0x00000000100027d0       0x10 CMakeFiles/hello_world.dir/home/lsena/Work/picoAccel/pico-sdk/lib/tinyusb/src/portable/raspberrypi/rp2040/dcd_rp2040.c.obj
                0x00000000100027d0                dcd_connect
 .text.dcd_init
                0x00000000100027e0      0x144 CMakeFiles/hello_world.dir/home/lsena/Work/picoAccel/pico-sdk/lib/tinyusb/src/portable/raspberrypi/rp2040/dcd_rp2040.c.obj
                0x00000000100027e0                dcd_init
 .text.dcd_edpt0_status_complete
                0x0000000010002924       0x1c CMakeFiles/hello_world.dir/home/lsena/Work/picoAccel/pico-sdk/lib/tinyusb/src/portable/raspberrypi/rp2040/dcd_rp2040.c.obj
                0x0000000010002924                dcd_edpt0_status_complete
 .text.dcd_edpt_open
                0x0000000010002940       0xf0 CMakeFiles/hello_world.dir/home/lsena/Work/picoAccel/pico-sdk/lib/tinyusb/src/portable/raspberrypi/rp2040/dcd_rp2040.c.obj
                0x0000000010002940                dcd_edpt_open
 .text.dcd_edpt_close_all
                0x0000000010002a30       0xbc CMakeFiles/hello_world.dir/home/lsena/Work/picoAccel/pico-sdk/lib/tinyusb/src/portable/raspberrypi/rp2040/dcd_rp2040.c.obj
                0x0000000010002a30                dcd_edpt_close_all
 .text.dcd_edpt_xfer
                0x0000000010002aec       0x24 CMakeFiles/hello_world.dir/home/lsena/Work/picoAccel/pico-sdk/lib/tinyusb/src/portable/raspberrypi/rp2040/dcd_rp2040.c.obj
                0x0000000010002aec                dcd_edpt_xfer
 .text.dcd_edpt_stall
                0x0000000010002b10       0x38 CMakeFiles/hello_world.dir/home/lsena/Work/picoAccel/pico-sdk/lib/tinyusb/src/portable/raspberrypi/rp2040/dcd_rp2040.c.obj
                0x0000000010002b10                dcd_edpt_stall
 .text.dcd_edpt_clear_stall
                0x0000000010002b48       0x30 CMakeFiles/hello_world.dir/home/lsena/Work/picoAccel/pico-sdk/lib/tinyusb/src/portable/raspberrypi/rp2040/dcd_rp2040.c.obj
                0x0000000010002b48                dcd_edpt_clear_stall
 .text._hw_endpoint_buffer_control_update32.part.0.isra.0
                0x0000000010002b78       0x1c CMakeFiles/hello_world.dir/home/lsena/Work/picoAccel/pico-sdk/lib/tinyusb/src/portable/raspberrypi/rp2040/rp2040_usb.c.obj
 .text.rp2040_usb_init
                0x0000000010002b94       0x4c CMakeFiles/hello_world.dir/home/lsena/Work/picoAccel/pico-sdk/lib/tinyusb/src/portable/raspberrypi/rp2040/rp2040_usb.c.obj
                0x0000000010002b94                rp2040_usb_init
 .text.hw_endpoint_reset_transfer
                0x0000000010002be0        0xc CMakeFiles/hello_world.dir/home/lsena/Work/picoAccel/pico-sdk/lib/tinyusb/src/portable/raspberrypi/rp2040/rp2040_usb.c.obj
                0x0000000010002be0                hw_endpoint_reset_transfer
 .text._hw_endpoint_buffer_control_update32
                0x0000000010002bec       0x44 CMakeFiles/hello_world.dir/home/lsena/Work/picoAccel/pico-sdk/lib/tinyusb/src/portable/raspberrypi/rp2040/rp2040_usb.c.obj
                0x0000000010002bec                _hw_endpoint_buffer_control_update32
 .text.hw_endpoint_xfer_start
                0x0000000010002c30      0x138 CMakeFiles/hello_world.dir/home/lsena/Work/picoAccel/pico-sdk/lib/tinyusb/src/portable/raspberrypi/rp2040/rp2040_usb.c.obj
                0x0000000010002c30                hw_endpoint_xfer_start
 .text.hw_endpoint_xfer_continue
                0x0000000010002d68      0x1e4 CMakeFiles/hello_world.dir/home/lsena/Work/picoAccel/pico-sdk/lib/tinyusb/src/portable/raspberrypi/rp2040/rp2040_usb.c.obj
                0x0000000010002d68                hw_endpoint_xfer_continue
 .text.tud_mounted
                0x0000000010002f4c       0x10 CMakeFiles/hello_world.dir/home/lsena/Work/picoAccel/pico-sdk/lib/tinyusb/src/device/usbd.c.obj
                0x0000000010002f4c                tud_mounted
 .text.tud_suspended
                0x0000000010002f5c       0x10 CMakeFiles/hello_world.dir/home/lsena/Work/picoAccel/pico-sdk/lib/tinyusb/src/device/usbd.c.obj
                0x0000000010002f5c                tud_suspended
 .text.tud_inited
                0x0000000010002f6c        0xc CMakeFiles/hello_world.dir/home/lsena/Work/picoAccel/pico-sdk/lib/tinyusb/src/device/usbd.c.obj
                0x0000000010002f6c                tud_inited
 .text.tud_init
                0x0000000010002f78       0xd8 CMakeFiles/hello_world.dir/home/lsena/Work/picoAccel/pico-sdk/lib/tinyusb/src/device/usbd.c.obj
                0x0000000010002f78                tud_init
 .text.tud_task
                0x0000000010003050      0x8ec CMakeFiles/hello_world.dir/home/lsena/Work/picoAccel/pico-sdk/lib/tinyusb/src/device/usbd.c.obj
                0x0000000010003050                tud_task
 .text.dcd_event_bus_signal
                0x000000001000393c      0x120 CMakeFiles/hello_world.dir/home/lsena/Work/picoAccel/pico-sdk/lib/tinyusb/src/device/usbd.c.obj
                0x000000001000393c                dcd_event_bus_signal
 .text.dcd_event_bus_reset
                0x0000000010003a5c       0x54 CMakeFiles/hello_world.dir/home/lsena/Work/picoAccel/pico-sdk/lib/tinyusb/src/device/usbd.c.obj
                0x0000000010003a5c                dcd_event_bus_reset
 .text.dcd_event_setup_received
                0x0000000010003ab0       0x50 CMakeFiles/hello_world.dir/home/lsena/Work/picoAccel/pico-sdk/lib/tinyusb/src/device/usbd.c.obj
                0x0000000010003ab0                dcd_event_setup_received
 .text.dcd_event_xfer_complete
                0x0000000010003b00       0x68 CMakeFiles/hello_world.dir/home/lsena/Work/picoAccel/pico-sdk/lib/tinyusb/src/device/usbd.c.obj
                0x0000000010003b00                dcd_event_xfer_complete
 .text.usbd_open_edpt_pair
                0x0000000010003b68       0x80 CMakeFiles/hello_world.dir/home/lsena/Work/picoAccel/pico-sdk/lib/tinyusb/src/device/usbd.c.obj
                0x0000000010003b68                usbd_open_edpt_pair
 .text.usbd_edpt_open
                0x0000000010003be8       0x30 CMakeFiles/hello_world.dir/home/lsena/Work/picoAccel/pico-sdk/lib/tinyusb/src/device/usbd.c.obj
                0x0000000010003be8                usbd_edpt_open
 .text.usbd_edpt_claim
                0x0000000010003c18       0x64 CMakeFiles/hello_world.dir/home/lsena/Work/picoAccel/pico-sdk/lib/tinyusb/src/device/usbd.c.obj
                0x0000000010003c18                usbd_edpt_claim
 .text.usbd_edpt_release
                0x0000000010003c7c       0x4c CMakeFiles/hello_world.dir/home/lsena/Work/picoAccel/pico-sdk/lib/tinyusb/src/device/usbd.c.obj
                0x0000000010003c7c                usbd_edpt_release
 .text.usbd_edpt_xfer
                0x0000000010003cc8       0x48 CMakeFiles/hello_world.dir/home/lsena/Work/picoAccel/pico-sdk/lib/tinyusb/src/device/usbd.c.obj
                0x0000000010003cc8                usbd_edpt_xfer
 .text.tud_control_status
                0x0000000010003d10       0x30 CMakeFiles/hello_world.dir/home/lsena/Work/picoAccel/pico-sdk/lib/tinyusb/src/device/usbd_control.c.obj
                0x0000000010003d10                tud_control_status
 .text.tud_control_xfer
                0x0000000010003d40       0xbc CMakeFiles/hello_world.dir/home/lsena/Work/picoAccel/pico-sdk/lib/tinyusb/src/device/usbd_control.c.obj
                0x0000000010003d40                tud_control_xfer
 .text.usbd_control_reset
                0x0000000010003dfc       0x14 CMakeFiles/hello_world.dir/home/lsena/Work/picoAccel/pico-sdk/lib/tinyusb/src/device/usbd_control.c.obj
                0x0000000010003dfc                usbd_control_reset
 .text.usbd_control_set_complete_callback
                0x0000000010003e10        0xc CMakeFiles/hello_world.dir/home/lsena/Work/picoAccel/pico-sdk/lib/tinyusb/src/device/usbd_control.c.obj
                0x0000000010003e10                usbd_control_set_complete_callback
 .text.usbd_control_set_request
                0x0000000010003e1c       0x1c CMakeFiles/hello_world.dir/home/lsena/Work/picoAccel/pico-sdk/lib/tinyusb/src/device/usbd_control.c.obj
                0x0000000010003e1c                usbd_control_set_request
 .text.usbd_control_xfer_cb
                0x0000000010003e38       0xfc CMakeFiles/hello_world.dir/home/lsena/Work/picoAccel/pico-sdk/lib/tinyusb/src/device/usbd_control.c.obj
                0x0000000010003e38                usbd_control_xfer_cb
 .text.tud_cdc_n_connected
                0x0000000010003f34       0x30 CMakeFiles/hello_world.dir/home/lsena/Work/picoAccel/pico-sdk/lib/tinyusb/src/class/cdc/cdc_device.c.obj
                0x0000000010003f34                tud_cdc_n_connected
 .text.tud_cdc_n_available
                0x0000000010003f64       0x18 CMakeFiles/hello_world.dir/home/lsena/Work/picoAccel/pico-sdk/lib/tinyusb/src/class/cdc/cdc_device.c.obj
                0x0000000010003f64                tud_cdc_n_available
 .text.tud_cdc_n_read
                0x0000000010003f7c       0x70 CMakeFiles/hello_world.dir/home/lsena/Work/picoAccel/pico-sdk/lib/tinyusb/src/class/cdc/cdc_device.c.obj
                0x0000000010003f7c                tud_cdc_n_read
 .text.tud_cdc_n_write_flush
                0x0000000010003fec       0x78 CMakeFiles/hello_world.dir/home/lsena/Work/picoAccel/pico-sdk/lib/tinyusb/src/class/cdc/cdc_device.c.obj
                0x0000000010003fec                tud_cdc_n_write_flush
 .text.tud_cdc_n_write
                0x0000000010004064       0x34 CMakeFiles/hello_world.dir/home/lsena/Work/picoAccel/pico-sdk/lib/tinyusb/src/class/cdc/cdc_device.c.obj
                0x0000000010004064                tud_cdc_n_write
 .text.tud_cdc_n_write_available
                0x0000000010004098       0x18 CMakeFiles/hello_world.dir/home/lsena/Work/picoAccel/pico-sdk/lib/tinyusb/src/class/cdc/cdc_device.c.obj
                0x0000000010004098                tud_cdc_n_write_available
 .text.cdcd_init
                0x00000000100040b0       0x7c CMakeFiles/hello_world.dir/home/lsena/Work/picoAccel/pico-sdk/lib/tinyusb/src/class/cdc/cdc_device.c.obj
                0x00000000100040b0                cdcd_init
 .text.cdcd_reset
                0x000000001000412c       0x2c CMakeFiles/hello_world.dir/home/lsena/Work/picoAccel/pico-sdk/lib/tinyusb/src/class/cdc/cdc_device.c.obj
                0x000000001000412c                cdcd_reset
 .text.cdcd_open
                0x0000000010004158       0xe4 CMakeFiles/hello_world.dir/home/lsena/Work/picoAccel/pico-sdk/lib/tinyusb/src/class/cdc/cdc_device.c.obj
                0x0000000010004158                cdcd_open
 .text.cdcd_control_xfer_cb
                0x000000001000423c       0xe4 CMakeFiles/hello_world.dir/home/lsena/Work/picoAccel/pico-sdk/lib/tinyusb/src/class/cdc/cdc_device.c.obj
                0x000000001000423c                cdcd_control_xfer_cb
 .text.cdcd_xfer_cb
                0x0000000010004320      0x148 CMakeFiles/hello_world.dir/home/lsena/Work/picoAccel/pico-sdk/lib/tinyusb/src/class/cdc/cdc_device.c.obj
                0x0000000010004320                cdcd_xfer_cb
 .text.tusb_init
                0x0000000010004468        0xc CMakeFiles/hello_world.dir/home/lsena/Work/picoAccel/pico-sdk/lib/tinyusb/src/tusb.c.obj
                0x0000000010004468                tusb_init
 .text.tusb_inited
                0x0000000010004474        0x8 CMakeFiles/hello_world.dir/home/lsena/Work/picoAccel/pico-sdk/lib/tinyusb/src/tusb.c.obj
                0x0000000010004474                tusb_inited
 .text.tu_edpt_validate
                0x000000001000447c       0x78 CMakeFiles/hello_world.dir/home/lsena/Work/picoAccel/pico-sdk/lib/tinyusb/src/tusb.c.obj
                0x000000001000447c                tu_edpt_validate
 .text.tu_edpt_bind_driver
                0x00000000100044f4       0x2c CMakeFiles/hello_world.dir/home/lsena/Work/picoAccel/pico-sdk/lib/tinyusb/src/tusb.c.obj
                0x00000000100044f4                tu_edpt_bind_driver
 .text.tu_fifo_config
                0x0000000010004520       0x78 CMakeFiles/hello_world.dir/home/lsena/Work/picoAccel/pico-sdk/lib/tinyusb/src/common/tusb_fifo.c.obj
                0x0000000010004520                tu_fifo_config
 .text.tu_fifo_count
                0x0000000010004598       0x20 CMakeFiles/hello_world.dir/home/lsena/Work/picoAccel/pico-sdk/lib/tinyusb/src/common/tusb_fifo.c.obj
                0x0000000010004598                tu_fifo_count
 .text.tu_fifo_empty
                0x00000000100045b8       0x10 CMakeFiles/hello_world.dir/home/lsena/Work/picoAccel/pico-sdk/lib/tinyusb/src/common/tusb_fifo.c.obj
                0x00000000100045b8                tu_fifo_empty
 .text.tu_fifo_remaining
                0x00000000100045c8       0x1c CMakeFiles/hello_world.dir/home/lsena/Work/picoAccel/pico-sdk/lib/tinyusb/src/common/tusb_fifo.c.obj
                0x00000000100045c8                tu_fifo_remaining
 .text.tu_fifo_read
                0x00000000100045e4       0x9c CMakeFiles/hello_world.dir/home/lsena/Work/picoAccel/pico-sdk/lib/tinyusb/src/common/tusb_fifo.c.obj
                0x00000000100045e4                tu_fifo_read
 .text.tu_fifo_read_n
                0x0000000010004680      0x100 CMakeFiles/hello_world.dir/home/lsena/Work/picoAccel/pico-sdk/lib/tinyusb/src/common/tusb_fifo.c.obj
                0x0000000010004680                tu_fifo_read_n
 .text.tu_fifo_write
                0x0000000010004780       0x7c CMakeFiles/hello_world.dir/home/lsena/Work/picoAccel/pico-sdk/lib/tinyusb/src/common/tusb_fifo.c.obj
                0x0000000010004780                tu_fifo_write
 .text.tu_fifo_write_n
                0x00000000100047fc      0x100 CMakeFiles/hello_world.dir/home/lsena/Work/picoAccel/pico-sdk/lib/tinyusb/src/common/tusb_fifo.c.obj
                0x00000000100047fc                tu_fifo_write_n
 .text.tu_fifo_clear
                0x00000000100048fc       0x4c CMakeFiles/hello_world.dir/home/lsena/Work/picoAccel/pico-sdk/lib/tinyusb/src/common/tusb_fifo.c.obj
                0x00000000100048fc                tu_fifo_clear
 .text.tu_fifo_set_overwritable
                0x0000000010004948       0x3c CMakeFiles/hello_world.dir/home/lsena/Work/picoAccel/pico-sdk/lib/tinyusb/src/common/tusb_fifo.c.obj
                0x0000000010004948                tu_fifo_set_overwritable
 .text.startup._retrieve_unique_id_on_boot
                0x0000000010004984       0x10 CMakeFiles/hello_world.dir/home/lsena/Work/picoAccel/pico-sdk/src/rp2_common/pico_unique_id/unique_id.c.obj
 .text.pico_get_unique_board_id_string
                0x0000000010004994      0x1a8 CMakeFiles/hello_world.dir/home/lsena/Work/picoAccel/pico-sdk/src/rp2_common/pico_unique_id/unique_id.c.obj
                0x0000000010004994                pico_get_unique_board_id_string
 .text.flash_get_unique_id
                0x0000000010004b3c       0x40 CMakeFiles/hello_world.dir/home/lsena/Work/picoAccel/pico-sdk/src/rp2_common/hardware_flash/flash.c.obj
                0x0000000010004b3c                flash_get_unique_id
 .text.strlen   0x0000000010004b7c       0x5c /nix/store/yshf0x17an3ib9r4sckbwdk6m61dnkay-gcc-arm-embedded-10.3.1/bin/../lib/gcc/arm-none-eabi/10.3.1/../../../../arm-none-eabi/lib/thumb/v6-m/nofp/libc.a(lib_a-strlen-stub.o)
                0x0000000010004b7c                strlen
 *(.fini)
 .fini          0x0000000010004bd8        0x4 /nix/store/yshf0x17an3ib9r4sckbwdk6m61dnkay-gcc-arm-embedded-10.3.1/bin/../lib/gcc/arm-none-eabi/10.3.1/thumb/v6-m/nofp/crti.o
                0x0000000010004bd8                _fini
 *fill*         0x0000000010004bdc        0x4 
 .fini.__stub   0x0000000010004be0       0x60 linker stubs
 *crtbegin.o(.ctors)
 *crtbegin?.o(.ctors)
 *(EXCLUDE_FILE(*crtend.o *crtend?.o) .ctors)
 *(SORT_BY_NAME(.ctors.*))
 *(.ctors)
 *crtbegin.o(.dtors)
 *crtbegin?.o(.dtors)
 *(EXCLUDE_FILE(*crtend.o *crtend?.o) .dtors)
 *(SORT_BY_NAME(.dtors.*))
 *(.dtors)
 *(.eh_frame*)
 .eh_frame      0x0000000010004c40        0x0 /nix/store/yshf0x17an3ib9r4sckbwdk6m61dnkay-gcc-arm-embedded-10.3.1/bin/../lib/gcc/arm-none-eabi/10.3.1/thumb/v6-m/nofp/crtbegin.o
                0x0000000010004c40                . = ALIGN (0x4)

.glue_7         0x0000000010004c40        0x0
 .glue_7        0x0000000010004c40        0x0 linker stubs

.glue_7t        0x0000000010004c40        0x0
 .glue_7t       0x0000000010004c40        0x0 linker stubs

.vfp11_veneer   0x0000000010004c40        0x0
 .vfp11_veneer  0x0000000010004c40        0x0 linker stubs

.v4_bx          0x0000000010004c40        0x0
 .v4_bx         0x0000000010004c40        0x0 linker stubs

.iplt           0x0000000010004c40        0x0
 .iplt          0x0000000010004c40        0x0 /nix/store/yshf0x17an3ib9r4sckbwdk6m61dnkay-gcc-arm-embedded-10.3.1/bin/../lib/gcc/arm-none-eabi/10.3.1/thumb/v6-m/nofp/crtbegin.o

.rodata         0x0000000010004c40      0x300
 *(EXCLUDE_FILE(*libm.a: *libc.a:*lib_a-mem*.o *libgcc.a:) .rodata*)
 .rodata.main.str1.4
                0x0000000010004c40        0xe CMakeFiles/hello_world.dir/hello_world.c.obj
 *fill*         0x0000000010004c4e        0x2 
 .rodata.spin_lock_claim_unused.str1.4
                0x0000000010004c50       0x1b CMakeFiles/hello_world.dir/home/lsena/Work/picoAccel/pico-sdk/src/rp2_common/hardware_sync/sync.c.obj
 *fill*         0x0000000010004c6b        0x1 
 .rodata.hardware_alarm_claim.str1.4
                0x0000000010004c6c       0x22 CMakeFiles/hello_world.dir/home/lsena/Work/picoAccel/pico-sdk/src/rp2_common/hardware_timer/timer.c.obj
 *fill*         0x0000000010004c8e        0x2 
 .rodata.panic.str1.4
                0x0000000010004c90       0x12 CMakeFiles/hello_world.dir/home/lsena/Work/picoAccel/pico-sdk/src/rp2_common/pico_runtime/runtime.c.obj
 *fill*         0x0000000010004ca2        0x2 
 .rodata.hard_assertion_failure.str1.4
                0x0000000010004ca4        0xc CMakeFiles/hello_world.dir/home/lsena/Work/picoAccel/pico-sdk/src/rp2_common/pico_runtime/runtime.c.obj
 .rodata.str1.4
                0x0000000010004cb0       0x40 CMakeFiles/hello_world.dir/home/lsena/Work/picoAccel/pico-sdk/src/rp2_common/pico_standard_link/binary_info.c.obj
 .rodata.__bi_44
                0x0000000010004cf0        0xc CMakeFiles/hello_world.dir/home/lsena/Work/picoAccel/pico-sdk/src/rp2_common/pico_standard_link/binary_info.c.obj
 .rodata.__bi_75
                0x0000000010004cfc        0xc CMakeFiles/hello_world.dir/home/lsena/Work/picoAccel/pico-sdk/src/rp2_common/pico_standard_link/binary_info.c.obj
 .rodata.__bi_81
                0x0000000010004d08        0xc CMakeFiles/hello_world.dir/home/lsena/Work/picoAccel/pico-sdk/src/rp2_common/pico_standard_link/binary_info.c.obj
 .rodata.crlf_str.0
                0x0000000010004d14        0x2 CMakeFiles/hello_world.dir/home/lsena/Work/picoAccel/pico-sdk/src/rp2_common/pico_stdio/stdio.c.obj
 *fill*         0x0000000010004d16        0x2 
 .rodata.str1.4
                0x0000000010004d18       0x2c CMakeFiles/hello_world.dir/home/lsena/Work/picoAccel/pico-sdk/src/rp2_common/pico_stdio_uart/stdio_uart.c.obj
 .rodata.__bi_28.4
                0x0000000010004d44        0xc CMakeFiles/hello_world.dir/home/lsena/Work/picoAccel/pico-sdk/src/rp2_common/pico_stdio_uart/stdio_uart.c.obj
 .rodata.__bi_29.5
                0x0000000010004d50        0x8 CMakeFiles/hello_world.dir/home/lsena/Work/picoAccel/pico-sdk/src/rp2_common/pico_stdio_uart/stdio_uart.c.obj
 .rodata._resetd_driver
                0x0000000010004d58       0x18 CMakeFiles/hello_world.dir/home/lsena/Work/picoAccel/pico-sdk/src/rp2_common/pico_stdio_usb/reset_interface.c.obj
 .rodata.str1.4
                0x0000000010004d70       0x13 CMakeFiles/hello_world.dir/home/lsena/Work/picoAccel/pico-sdk/src/rp2_common/pico_stdio_usb/stdio_usb.c.obj
 *fill*         0x0000000010004d83        0x1 
 .rodata.__bi_93.0
                0x0000000010004d84        0xc CMakeFiles/hello_world.dir/home/lsena/Work/picoAccel/pico-sdk/src/rp2_common/pico_stdio_usb/stdio_usb.c.obj
 .rodata.str1.4
                0x0000000010004d90       0x2a CMakeFiles/hello_world.dir/home/lsena/Work/picoAccel/pico-sdk/src/rp2_common/pico_stdio_usb/stdio_usb_descriptors.c.obj
 *fill*         0x0000000010004dba        0x2 
 .rodata.usbd_desc_cfg
                0x0000000010004dbc       0x54 CMakeFiles/hello_world.dir/home/lsena/Work/picoAccel/pico-sdk/src/rp2_common/pico_stdio_usb/stdio_usb_descriptors.c.obj
 .rodata.usbd_desc_device
                0x0000000010004e10       0x12 CMakeFiles/hello_world.dir/home/lsena/Work/picoAccel/pico-sdk/src/rp2_common/pico_stdio_usb/stdio_usb_descriptors.c.obj
 *fill*         0x0000000010004e22        0x2 
 .rodata.usbd_desc_str
                0x0000000010004e24       0x18 CMakeFiles/hello_world.dir/home/lsena/Work/picoAccel/pico-sdk/src/rp2_common/pico_stdio_usb/stdio_usb_descriptors.c.obj
 .rodata.dcd_rp2040_irq.str1.4
                0x0000000010004e3c       0x14 CMakeFiles/hello_world.dir/home/lsena/Work/picoAccel/pico-sdk/lib/tinyusb/src/portable/raspberrypi/rp2040/dcd_rp2040.c.obj
 .rodata._hw_endpoint_buffer_control_update32.part.0.isra.0.str1.4
                0x0000000010004e50       0x1f CMakeFiles/hello_world.dir/home/lsena/Work/picoAccel/pico-sdk/lib/tinyusb/src/portable/raspberrypi/rp2040/rp2040_usb.c.obj
 *fill*         0x0000000010004e6f        0x1 
 .rodata.hw_endpoint_xfer_continue.str1.4
                0x0000000010004e70       0x29 CMakeFiles/hello_world.dir/home/lsena/Work/picoAccel/pico-sdk/lib/tinyusb/src/portable/raspberrypi/rp2040/rp2040_usb.c.obj
 .rodata.str1.4
                0x0000000010004e99       0x29 CMakeFiles/hello_world.dir/home/lsena/Work/picoAccel/pico-sdk/lib/tinyusb/src/portable/raspberrypi/rp2040/rp2040_usb.c.obj
                                          0x7 (size before relaxing)
 *fill*         0x0000000010004e99        0x3 
 .rodata.tud_task
                0x0000000010004e9c       0x8c CMakeFiles/hello_world.dir/home/lsena/Work/picoAccel/pico-sdk/lib/tinyusb/src/device/usbd.c.obj
 .rodata._usbd_driver
                0x0000000010004f28       0x18 CMakeFiles/hello_world.dir/home/lsena/Work/picoAccel/pico-sdk/lib/tinyusb/src/device/usbd.c.obj
                0x0000000010004f40                . = ALIGN (0x4)
 *(SORT_BY_ALIGNMENT(SORT_BY_NAME(.flashdata*)))
                0x0000000010004f40                . = ALIGN (0x4)

.rel.dyn        0x0000000010004f40        0x0
 .rel.iplt      0x0000000010004f40        0x0 /nix/store/yshf0x17an3ib9r4sckbwdk6m61dnkay-gcc-arm-embedded-10.3.1/bin/../lib/gcc/arm-none-eabi/10.3.1/thumb/v6-m/nofp/crtbegin.o

.ARM.extab
 *(.ARM.extab* .gnu.linkonce.armextab.*)
                0x0000000010004f40                __exidx_start = .

.ARM.exidx
 *(.ARM.exidx* .gnu.linkonce.armexidx.*)
                0x0000000010004f40                __exidx_end = .
                0x0000000010004f40                . = ALIGN (0x4)
                0x0000000010004f40                __binary_info_start = .

.binary_info    0x0000000010004f40       0x28
 *(.binary_info.keep.*)
 .binary_info.keep.__bi_ptr22
                0x0000000010004f40        0x4 CMakeFiles/hello_world.dir/home/lsena/Work/picoAccel/pico-sdk/src/rp2_common/pico_standard_link/binary_info.c.obj
 .binary_info.keep.__bi_ptr30
                0x0000000010004f44        0x4 CMakeFiles/hello_world.dir/home/lsena/Work/picoAccel/pico-sdk/src/rp2_common/pico_standard_link/binary_info.c.obj
 .binary_info.keep.__bi_ptr38
                0x0000000010004f48        0x4 CMakeFiles/hello_world.dir/home/lsena/Work/picoAccel/pico-sdk/src/rp2_common/pico_standard_link/binary_info.c.obj
 .binary_info.keep.__bi_ptr44
                0x0000000010004f4c        0x4 CMakeFiles/hello_world.dir/home/lsena/Work/picoAccel/pico-sdk/src/rp2_common/pico_standard_link/binary_info.c.obj
 .binary_info.keep.__bi_ptr50
                0x0000000010004f50        0x4 CMakeFiles/hello_world.dir/home/lsena/Work/picoAccel/pico-sdk/src/rp2_common/pico_standard_link/binary_info.c.obj
 .binary_info.keep.__bi_ptr75
                0x0000000010004f54        0x4 CMakeFiles/hello_world.dir/home/lsena/Work/picoAccel/pico-sdk/src/rp2_common/pico_standard_link/binary_info.c.obj
 .binary_info.keep.__bi_ptr81
                0x0000000010004f58        0x4 CMakeFiles/hello_world.dir/home/lsena/Work/picoAccel/pico-sdk/src/rp2_common/pico_standard_link/binary_info.c.obj
 *(.binary_info.*)
 .binary_info.__bi_ptr28
                0x0000000010004f5c        0x4 CMakeFiles/hello_world.dir/home/lsena/Work/picoAccel/pico-sdk/src/rp2_common/pico_stdio_uart/stdio_uart.c.obj
 .binary_info.__bi_ptr29
                0x0000000010004f60        0x4 CMakeFiles/hello_world.dir/home/lsena/Work/picoAccel/pico-sdk/src/rp2_common/pico_stdio_uart/stdio_uart.c.obj
 .binary_info.__bi_ptr93
                0x0000000010004f64        0x4 CMakeFiles/hello_world.dir/home/lsena/Work/picoAccel/pico-sdk/src/rp2_common/pico_stdio_usb/stdio_usb.c.obj
                0x0000000010004f68                __binary_info_end = .
                0x0000000010004f68                . = ALIGN (0x4)
                0x0000000010004f68                __etext = .

.ram_vector_table
                0x0000000020000000       0xc0
 *(.ram_vector_table)
 .ram_vector_table
                0x0000000020000000       0xc0 CMakeFiles/hello_world.dir/home/lsena/Work/picoAccel/pico-sdk/src/rp2_common/pico_runtime/runtime.c.obj
                0x0000000020000000                ram_vector_table

.data           0x00000000200000c0      0x3d4 load address 0x0000000010004f68
                0x00000000200000c0                __data_start__ = .
 *(vtable)
 *(.time_critical*)
 .time_critical.mutex_enter_blocking
                0x00000000200000c0       0x48 CMakeFiles/hello_world.dir/home/lsena/Work/picoAccel/pico-sdk/src/common/pico_sync/mutex.c.obj
                0x00000000200000c0                mutex_enter_blocking
 .time_critical.mutex_try_enter
                0x0000000020000108       0x44 CMakeFiles/hello_world.dir/home/lsena/Work/picoAccel/pico-sdk/src/common/pico_sync/mutex.c.obj
                0x0000000020000108                mutex_try_enter
 .time_critical.mutex_enter_timeout_ms
                0x000000002000014c       0xa0 CMakeFiles/hello_world.dir/home/lsena/Work/picoAccel/pico-sdk/src/common/pico_sync/mutex.c.obj
                0x000000002000014c                mutex_enter_timeout_ms
 .time_critical.mutex_exit
                0x00000000200001ec       0x28 CMakeFiles/hello_world.dir/home/lsena/Work/picoAccel/pico-sdk/src/common/pico_sync/mutex.c.obj
                0x00000000200001ec                mutex_exit
 .time_critical.flash_init_boot2_copyout
                0x0000000020000214       0x30 CMakeFiles/hello_world.dir/home/lsena/Work/picoAccel/pico-sdk/src/rp2_common/hardware_flash/flash.c.obj
 .time_critical.flash_enable_xip_via_boot2
                0x0000000020000244       0x10 CMakeFiles/hello_world.dir/home/lsena/Work/picoAccel/pico-sdk/src/rp2_common/hardware_flash/flash.c.obj
 .time_critical.flash_cs_force
                0x0000000020000254       0x38 CMakeFiles/hello_world.dir/home/lsena/Work/picoAccel/pico-sdk/src/rp2_common/hardware_flash/flash.c.obj
 .time_critical.flash_do_cmd
                0x000000002000028c       0xc4 CMakeFiles/hello_world.dir/home/lsena/Work/picoAccel/pico-sdk/src/rp2_common/hardware_flash/flash.c.obj
                0x000000002000028c                flash_do_cmd
 *(.text*)
 .text          0x0000000020000350        0x4 /nix/store/yshf0x17an3ib9r4sckbwdk6m61dnkay-gcc-arm-embedded-10.3.1/bin/../lib/gcc/arm-none-eabi/10.3.1/thumb/v6-m/nofp/libgcc.a(_dvmd_tls.o)
                0x0000000020000350                __aeabi_ldiv0
                0x0000000020000350                __aeabi_idiv0
 *fill*         0x0000000020000354        0x4 
 .text.__stub   0x0000000020000358       0x30 linker stubs
                0x0000000020000388                . = ALIGN (0x4)
 *(.rodata*)
                0x0000000020000388                . = ALIGN (0x4)
 *(.data*)
 .data.striped_spin_lock_num
                0x0000000020000388        0x1 CMakeFiles/hello_world.dir/home/lsena/Work/picoAccel/pico-sdk/src/rp2_common/hardware_sync/sync.c.obj
 *fill*         0x0000000020000389        0x3 
 .data.default_alarm_pool
                0x000000002000038c       0x18 CMakeFiles/hello_world.dir/home/lsena/Work/picoAccel/pico-sdk/src/common/pico_time/time.c.obj
 .data.default_alarm_pool_heap
                0x00000000200003a4       0x10 CMakeFiles/hello_world.dir/home/lsena/Work/picoAccel/pico-sdk/src/common/pico_time/time.c.obj
 .data          0x00000000200003b4       0x48 CMakeFiles/hello_world.dir/home/lsena/Work/picoAccel/pico-sdk/src/rp2_common/hardware_irq/irq_handler_chain.S.obj
                0x00000000200003b4                irq_handler_chain_slots
                0x00000000200003e4                irq_handler_chain_first_slot
                0x00000000200003ee                irq_handler_chain_remove_tail
 *fill*         0x00000000200003fc        0x4 
 .data.aeabi_bits_funcs
                0x0000000020000400       0x10 CMakeFiles/hello_world.dir/home/lsena/Work/picoAccel/pico-sdk/src/rp2_common/pico_bit_ops/bit_ops_aeabi.S.obj
                0x0000000020000400                aeabi_bits_funcs
                0x0000000020000410                aeabi_bits_funcs_end
 .data.aeabi_mem_funcs
                0x0000000020000410       0x10 CMakeFiles/hello_world.dir/home/lsena/Work/picoAccel/pico-sdk/src/rp2_common/pico_mem_ops/mem_ops_aeabi.S.obj
                0x0000000020000410                aeabi_mem_funcs
                0x0000000020000420                aeabi_mem_funcs_end
 .data.stdio_uart
                0x0000000020000420       0x14 CMakeFiles/hello_world.dir/home/lsena/Work/picoAccel/pico-sdk/src/rp2_common/pico_stdio_uart/stdio_uart.c.obj
                0x0000000020000420                stdio_uart
 .data.stdio_usb
                0x0000000020000434       0x14 CMakeFiles/hello_world.dir/home/lsena/Work/picoAccel/pico-sdk/src/rp2_common/pico_stdio_usb/stdio_usb.c.obj
                0x0000000020000434                stdio_usb
 .data.ep_dir_string
                0x0000000020000448        0x8 CMakeFiles/hello_world.dir/home/lsena/Work/picoAccel/pico-sdk/lib/tinyusb/src/portable/raspberrypi/rp2040/rp2040_usb.c.obj
                0x0000000020000448                ep_dir_string
 .data._usbd_qdef
                0x0000000020000450       0x24 CMakeFiles/hello_world.dir/home/lsena/Work/picoAccel/pico-sdk/lib/tinyusb/src/device/usbd.c.obj
                0x0000000020000450                _usbd_qdef
                0x0000000020000474                . = ALIGN (0x4)
 *(.after_data.*)
                0x0000000020000474                . = ALIGN (0x4)
                0x0000000020000474                PROVIDE (__mutex_array_start = .)
 *(SORT_BY_NAME(.mutex_array.*))
 *(.mutex_array)
 .mutex_array   0x0000000020000474        0x8 CMakeFiles/hello_world.dir/home/lsena/Work/picoAccel/pico-sdk/src/rp2_common/pico_stdio/stdio.c.obj
                0x000000002000047c                PROVIDE (__mutex_array_end = .)
                0x000000002000047c                . = ALIGN (0x4)
                0x000000002000047c                PROVIDE (__preinit_array_start = .)
 *(SORT_BY_NAME(.preinit_array.*))
 .preinit_array.00001
                0x000000002000047c        0x4 CMakeFiles/hello_world.dir/home/lsena/Work/picoAccel/pico-sdk/src/rp2_common/pico_mem_ops/mem_ops_aeabi.S.obj
 .preinit_array.00010
                0x0000000020000480        0x4 CMakeFiles/hello_world.dir/home/lsena/Work/picoAccel/pico-sdk/src/rp2_common/pico_bit_ops/bit_ops_aeabi.S.obj
 .preinit_array.00020
                0x0000000020000484        0x4 CMakeFiles/hello_world.dir/home/lsena/Work/picoAccel/pico-sdk/src/rp2_common/pico_double/double_aeabi.S.obj
 .preinit_array.00020
                0x0000000020000488        0x4 CMakeFiles/hello_world.dir/home/lsena/Work/picoAccel/pico-sdk/src/rp2_common/pico_float/float_aeabi.S.obj
 *(.preinit_array)
                0x000000002000048c                PROVIDE (__preinit_array_end = .)
                0x000000002000048c                . = ALIGN (0x4)
                0x000000002000048c                PROVIDE (__init_array_start = .)
 *(SORT_BY_NAME(.init_array.*))
 *(.init_array)
 .init_array    0x000000002000048c        0x4 /nix/store/yshf0x17an3ib9r4sckbwdk6m61dnkay-gcc-arm-embedded-10.3.1/bin/../lib/gcc/arm-none-eabi/10.3.1/thumb/v6-m/nofp/crtbegin.o
 .init_array    0x0000000020000490        0x4 CMakeFiles/hello_world.dir/home/lsena/Work/picoAccel/pico-sdk/src/rp2_common/pico_unique_id/unique_id.c.obj
                0x0000000020000494                PROVIDE (__init_array_end = .)
                0x0000000020000494                . = ALIGN (0x4)
                [!provide]                        PROVIDE (__fini_array_start = .)
 *(SORT_BY_NAME(.fini_array.*))
 *(.fini_array)
                [!provide]                        PROVIDE (__fini_array_end = .)
 *(.jcr)
                0x0000000020000494                . = ALIGN (0x4)
                0x0000000020000494                __data_end__ = .

.igot.plt       0x0000000020000494        0x0 load address 0x000000001000533c
 .igot.plt      0x0000000020000494        0x0 /nix/store/yshf0x17an3ib9r4sckbwdk6m61dnkay-gcc-arm-embedded-10.3.1/bin/../lib/gcc/arm-none-eabi/10.3.1/thumb/v6-m/nofp/crtbegin.o

.uninitialized_data
                0x0000000020000494        0x0 load address 0x000000001000533c
                0x0000000020000494                . = ALIGN (0x4)
 *(.uninitialized_data*)

.scratch_x      0x0000000020040000        0x0 load address 0x000000001000533c
                0x0000000020040000                __scratch_x_start__ = .
 *(.scratch_x.*)
                0x0000000020040000                . = ALIGN (0x4)
                0x0000000020040000                __scratch_x_end__ = .
                0x000000001000533c                __scratch_x_source__ = LOADADDR (.scratch_x)

.scratch_y      0x0000000020041000        0x0 load address 0x000000001000533c
                0x0000000020041000                __scratch_y_start__ = .
 *(.scratch_y.*)
                0x0000000020041000                . = ALIGN (0x4)
                0x0000000020041000                __scratch_y_end__ = .
                0x000000001000533c                __scratch_y_source__ = LOADADDR (.scratch_y)

.bss            0x0000000020000498      0xd88
                0x0000000020000498                . = ALIGN (0x4)
                0x0000000020000498                __bss_start__ = .
 *(SORT_BY_ALIGNMENT(SORT_BY_NAME(.bss*)))
 .bss.default_alarm_pool_entries
                0x0000000020000498      0x100 CMakeFiles/hello_world.dir/home/lsena/Work/picoAccel/pico-sdk/src/common/pico_time/time.c.obj
 .bss.last_avail_time.1
                0x0000000020000598        0x8 CMakeFiles/hello_world.dir/home/lsena/Work/picoAccel/pico-sdk/src/rp2_common/pico_stdio_usb/stdio_usb.c.obj
 .bss.sd_table  0x00000000200005a0      0x100 CMakeFiles/hello_world.dir/home/lsena/Work/picoAccel/pico-sdk/src/rp2_common/pico_double/double_init_rom.c.obj
                0x00000000200005a0                sd_table
 .bss.sf_table  0x00000000200006a0      0x100 CMakeFiles/hello_world.dir/home/lsena/Work/picoAccel/pico-sdk/src/rp2_common/pico_float/float_init_rom.c.obj
                0x00000000200006a0                sf_table
 .bss           0x00000000200007a0       0x1c /nix/store/yshf0x17an3ib9r4sckbwdk6m61dnkay-gcc-arm-embedded-10.3.1/bin/../lib/gcc/arm-none-eabi/10.3.1/thumb/v6-m/nofp/crtbegin.o
 .bss._app_driver
                0x00000000200007bc        0x4 CMakeFiles/hello_world.dir/home/lsena/Work/picoAccel/pico-sdk/lib/tinyusb/src/device/usbd.c.obj
 .bss._cdcd_itf
                0x00000000200007c0      0x2d8 CMakeFiles/hello_world.dir/home/lsena/Work/picoAccel/pico-sdk/lib/tinyusb/src/class/cdc/cdc_device.c.obj
 .bss._ctrl_xfer
                0x0000000020000a98       0x14 CMakeFiles/hello_world.dir/home/lsena/Work/picoAccel/pico-sdk/lib/tinyusb/src/device/usbd_control.c.obj
 .bss._ubsd_mutexdef
                0x0000000020000aac        0x8 CMakeFiles/hello_world.dir/home/lsena/Work/picoAccel/pico-sdk/lib/tinyusb/src/device/usbd.c.obj
 .bss._usbd_ctrl_buf
                0x0000000020000ab4       0x40 CMakeFiles/hello_world.dir/home/lsena/Work/picoAccel/pico-sdk/lib/tinyusb/src/device/usbd_control.c.obj
 .bss._usbd_dev
                0x0000000020000af4       0x53 CMakeFiles/hello_world.dir/home/lsena/Work/picoAccel/pico-sdk/lib/tinyusb/src/device/usbd.c.obj
 *fill*         0x0000000020000b47        0x1 
 .bss._usbd_mutex
                0x0000000020000b48        0x4 CMakeFiles/hello_world.dir/home/lsena/Work/picoAccel/pico-sdk/lib/tinyusb/src/device/usbd.c.obj
 .bss._usbd_q   0x0000000020000b4c        0x4 CMakeFiles/hello_world.dir/home/lsena/Work/picoAccel/pico-sdk/lib/tinyusb/src/device/usbd.c.obj
 .bss._usbd_qdef_buf
                0x0000000020000b50       0xc0 CMakeFiles/hello_world.dir/home/lsena/Work/picoAccel/pico-sdk/lib/tinyusb/src/device/usbd.c.obj
                0x0000000020000b50                _usbd_qdef_buf
 .bss.alarm_callbacks
                0x0000000020000c10       0x10 CMakeFiles/hello_world.dir/home/lsena/Work/picoAccel/pico-sdk/src/rp2_common/hardware_timer/timer.c.obj
 .bss.boot2_copyout
                0x0000000020000c20      0x100 CMakeFiles/hello_world.dir/home/lsena/Work/picoAccel/pico-sdk/src/rp2_common/hardware_flash/flash.c.obj
 .bss.claimed   0x0000000020000d20        0x4 CMakeFiles/hello_world.dir/home/lsena/Work/picoAccel/pico-sdk/src/rp2_common/hardware_sync/sync.c.obj
 .bss.configured_freq
                0x0000000020000d24       0x28 CMakeFiles/hello_world.dir/home/lsena/Work/picoAccel/pico-sdk/src/rp2_common/hardware_clocks/clocks.c.obj
 .bss.default_alarm_pool_entry_ids_high
                0x0000000020000d4c       0x10 CMakeFiles/hello_world.dir/home/lsena/Work/picoAccel/pico-sdk/src/common/pico_time/time.c.obj
 .bss.default_alarm_pool_heap_nodes
                0x0000000020000d5c       0x30 CMakeFiles/hello_world.dir/home/lsena/Work/picoAccel/pico-sdk/src/common/pico_time/time.c.obj
 .bss.desc_str.0
                0x0000000020000d8c       0x28 CMakeFiles/hello_world.dir/home/lsena/Work/picoAccel/pico-sdk/src/rp2_common/pico_stdio_usb/stdio_usb_descriptors.c.obj
 .bss.drivers   0x0000000020000db4        0x4 CMakeFiles/hello_world.dir/home/lsena/Work/picoAccel/pico-sdk/src/rp2_common/pico_stdio/stdio.c.obj
 .bss.filter    0x0000000020000db8        0x4 CMakeFiles/hello_world.dir/home/lsena/Work/picoAccel/pico-sdk/src/rp2_common/pico_stdio/stdio.c.obj
 .bss.hw_endpoints
                0x0000000020000dbc      0x400 CMakeFiles/hello_world.dir/home/lsena/Work/picoAccel/pico-sdk/lib/tinyusb/src/portable/raspberrypi/rp2040/dcd_rp2040.c.obj
 .bss.lazy_vsnprintf
                0x00000000200011bc        0x4 CMakeFiles/hello_world.dir/home/lsena/Work/picoAccel/pico-sdk/src/rp2_common/pico_printf/printf.c.obj
 .bss.load_value
                0x00000000200011c0        0x4 CMakeFiles/hello_world.dir/home/lsena/Work/picoAccel/pico-sdk/src/rp2_common/hardware_watchdog/watchdog.c.obj
 .bss.next_buffer_ptr
                0x00000000200011c4        0x4 CMakeFiles/hello_world.dir/home/lsena/Work/picoAccel/pico-sdk/lib/tinyusb/src/portable/raspberrypi/rp2040/dcd_rp2040.c.obj
 .bss.pools     0x00000000200011c8       0x10 CMakeFiles/hello_world.dir/home/lsena/Work/picoAccel/pico-sdk/src/common/pico_time/time.c.obj
 .bss.retrieved_id
                0x00000000200011d8        0x8 CMakeFiles/hello_world.dir/home/lsena/Work/picoAccel/pico-sdk/src/rp2_common/pico_unique_id/unique_id.c.obj
 .bss.sf_clz_func
                0x00000000200011e0        0x4 CMakeFiles/hello_world.dir/home/lsena/Work/picoAccel/pico-sdk/src/rp2_common/pico_double/double_init_rom.c.obj
                0x00000000200011e0                sf_clz_func
 .bss.sleep_notifier
                0x00000000200011e4        0x4 CMakeFiles/hello_world.dir/home/lsena/Work/picoAccel/pico-sdk/src/common/pico_time/time.c.obj
 .bss.stdio_usb_mutex
                0x00000000200011e8        0x8 CMakeFiles/hello_world.dir/home/lsena/Work/picoAccel/pico-sdk/src/rp2_common/pico_stdio_usb/stdio_usb.c.obj
 .bss.target_hi
                0x00000000200011f0       0x10 CMakeFiles/hello_world.dir/home/lsena/Work/picoAccel/pico-sdk/src/rp2_common/hardware_timer/timer.c.obj
 .bss.uart_char_to_line_feed
                0x0000000020001200        0x4 CMakeFiles/hello_world.dir/home/lsena/Work/picoAccel/pico-sdk/src/rp2_common/hardware_uart/uart.c.obj
                0x0000000020001200                uart_char_to_line_feed
 .bss.uart_instance
                0x0000000020001204        0x4 CMakeFiles/hello_world.dir/home/lsena/Work/picoAccel/pico-sdk/src/rp2_common/pico_stdio_uart/stdio_uart.c.obj
 .bss.usbd_serial_str
                0x0000000020001208       0x11 CMakeFiles/hello_world.dir/home/lsena/Work/picoAccel/pico-sdk/src/rp2_common/pico_stdio_usb/stdio_usb_descriptors.c.obj
 .bss._app_driver_count
                0x0000000020001219        0x1 CMakeFiles/hello_world.dir/home/lsena/Work/picoAccel/pico-sdk/lib/tinyusb/src/device/usbd.c.obj
 .bss._usbd_initialized
                0x000000002000121a        0x1 CMakeFiles/hello_world.dir/home/lsena/Work/picoAccel/pico-sdk/lib/tinyusb/src/device/usbd.c.obj
 .bss.boot2_copyout_valid
                0x000000002000121b        0x1 CMakeFiles/hello_world.dir/home/lsena/Work/picoAccel/pico-sdk/src/rp2_common/hardware_flash/flash.c.obj
 .bss.claimed   0x000000002000121c        0x1 CMakeFiles/hello_world.dir/home/lsena/Work/picoAccel/pico-sdk/src/rp2_common/hardware_timer/timer.c.obj
 .bss.irq_hander_chain_free_slot_head
                0x000000002000121d        0x1 CMakeFiles/hello_world.dir/home/lsena/Work/picoAccel/pico-sdk/src/rp2_common/hardware_irq/irq.c.obj
 .bss.itf_num   0x000000002000121e        0x1 CMakeFiles/hello_world.dir/home/lsena/Work/picoAccel/pico-sdk/src/rp2_common/pico_stdio_usb/reset_interface.c.obj
 .bss.timer_callbacks_pending
                0x000000002000121f        0x1 CMakeFiles/hello_world.dir/home/lsena/Work/picoAccel/pico-sdk/src/rp2_common/hardware_timer/timer.c.obj
 *(COMMON)
                0x0000000020001220                . = ALIGN (0x4)
                0x0000000020001220                __bss_end__ = .

.heap           0x0000000020001220      0x800
                0x0000000020001220                __end__ = .
                0x0000000020001220                end = __end__
 *(.heap*)
 .heap          0x0000000020001220      0x800 CMakeFiles/hello_world.dir/home/lsena/Work/picoAccel/pico-sdk/src/rp2_common/pico_standard_link/crt0.S.obj
                0x0000000020001a20                __HeapLimit = .

.stack1_dummy   0x0000000020040000        0x0
 *(.stack1*)

.stack_dummy    0x0000000020041000      0x800
 *(.stack*)
 .stack         0x0000000020041000      0x800 CMakeFiles/hello_world.dir/home/lsena/Work/picoAccel/pico-sdk/src/rp2_common/pico_standard_link/crt0.S.obj

.flash_end      0x000000001000533c        0x0
                0x000000001000533c                __flash_binary_end = .
                0x0000000020040000                __StackLimit = (ORIGIN (RAM) + LENGTH (RAM))
                0x0000000020041000                __StackOneTop = (ORIGIN (SCRATCH_X) + LENGTH (SCRATCH_X))
                0x0000000020042000                __StackTop = (ORIGIN (SCRATCH_Y) + LENGTH (SCRATCH_Y))
                0x0000000020041000                __StackOneBottom = (__StackOneTop - SIZEOF (.stack1_dummy))
                0x0000000020041800                __StackBottom = (__StackTop - SIZEOF (.stack_dummy))
                0x0000000020042000                PROVIDE (__stack = __StackTop)
                0x0000000000000001                ASSERT ((__StackLimit >= __HeapLimit), region RAM overflowed)
                0x0000000000000001                ASSERT (((__binary_info_header_end - __logical_binary_start) <= 0x100), Binary info must be in first 256 bytes of the binary)
LOAD CMakeFiles/hello_world.dir/hello_world.c.obj
LOAD CMakeFiles/hello_world.dir/home/lsena/Work/picoAccel/pico-sdk/src/rp2_common/pico_stdlib/stdlib.c.obj
LOAD CMakeFiles/hello_world.dir/home/lsena/Work/picoAccel/pico-sdk/src/rp2_common/hardware_gpio/gpio.c.obj
LOAD CMakeFiles/hello_world.dir/home/lsena/Work/picoAccel/pico-sdk/src/rp2_common/hardware_claim/claim.c.obj
LOAD CMakeFiles/hello_world.dir/home/lsena/Work/picoAccel/pico-sdk/src/rp2_common/pico_platform/platform.c.obj
LOAD CMakeFiles/hello_world.dir/home/lsena/Work/picoAccel/pico-sdk/src/rp2_common/hardware_sync/sync.c.obj
LOAD CMakeFiles/hello_world.dir/home/lsena/Work/picoAccel/pico-sdk/src/rp2_common/hardware_uart/uart.c.obj
LOAD CMakeFiles/hello_world.dir/home/lsena/Work/picoAccel/pico-sdk/src/rp2_common/hardware_divider/divider.S.obj
LOAD CMakeFiles/hello_world.dir/home/lsena/Work/picoAccel/pico-sdk/src/common/pico_time/time.c.obj
LOAD CMakeFiles/hello_world.dir/home/lsena/Work/picoAccel/pico-sdk/src/common/pico_time/timeout_helper.c.obj
LOAD CMakeFiles/hello_world.dir/home/lsena/Work/picoAccel/pico-sdk/src/rp2_common/hardware_timer/timer.c.obj
LOAD CMakeFiles/hello_world.dir/home/lsena/Work/picoAccel/pico-sdk/src/common/pico_sync/sem.c.obj
LOAD CMakeFiles/hello_world.dir/home/lsena/Work/picoAccel/pico-sdk/src/common/pico_sync/lock_core.c.obj
LOAD CMakeFiles/hello_world.dir/home/lsena/Work/picoAccel/pico-sdk/src/common/pico_sync/mutex.c.obj
LOAD CMakeFiles/hello_world.dir/home/lsena/Work/picoAccel/pico-sdk/src/common/pico_sync/critical_section.c.obj
LOAD CMakeFiles/hello_world.dir/home/lsena/Work/picoAccel/pico-sdk/src/common/pico_util/datetime.c.obj
LOAD CMakeFiles/hello_world.dir/home/lsena/Work/picoAccel/pico-sdk/src/common/pico_util/pheap.c.obj
LOAD CMakeFiles/hello_world.dir/home/lsena/Work/picoAccel/pico-sdk/src/common/pico_util/queue.c.obj
LOAD CMakeFiles/hello_world.dir/home/lsena/Work/picoAccel/pico-sdk/src/rp2_common/pico_runtime/runtime.c.obj
LOAD CMakeFiles/hello_world.dir/home/lsena/Work/picoAccel/pico-sdk/src/rp2_common/hardware_clocks/clocks.c.obj
LOAD CMakeFiles/hello_world.dir/home/lsena/Work/picoAccel/pico-sdk/src/rp2_common/hardware_irq/irq.c.obj
LOAD CMakeFiles/hello_world.dir/home/lsena/Work/picoAccel/pico-sdk/src/rp2_common/hardware_irq/irq_handler_chain.S.obj
LOAD CMakeFiles/hello_world.dir/home/lsena/Work/picoAccel/pico-sdk/src/rp2_common/hardware_pll/pll.c.obj
LOAD CMakeFiles/hello_world.dir/home/lsena/Work/picoAccel/pico-sdk/src/rp2_common/hardware_vreg/vreg.c.obj
LOAD CMakeFiles/hello_world.dir/home/lsena/Work/picoAccel/pico-sdk/src/rp2_common/hardware_watchdog/watchdog.c.obj
LOAD CMakeFiles/hello_world.dir/home/lsena/Work/picoAccel/pico-sdk/src/rp2_common/hardware_xosc/xosc.c.obj
LOAD CMakeFiles/hello_world.dir/home/lsena/Work/picoAccel/pico-sdk/src/rp2_common/pico_printf/printf.c.obj
LOAD CMakeFiles/hello_world.dir/home/lsena/Work/picoAccel/pico-sdk/src/rp2_common/pico_bit_ops/bit_ops_aeabi.S.obj
LOAD CMakeFiles/hello_world.dir/home/lsena/Work/picoAccel/pico-sdk/src/rp2_common/pico_bootrom/bootrom.c.obj
LOAD CMakeFiles/hello_world.dir/home/lsena/Work/picoAccel/pico-sdk/src/rp2_common/pico_divider/divider.S.obj
LOAD CMakeFiles/hello_world.dir/home/lsena/Work/picoAccel/pico-sdk/src/rp2_common/pico_double/double_aeabi.S.obj
LOAD CMakeFiles/hello_world.dir/home/lsena/Work/picoAccel/pico-sdk/src/rp2_common/pico_double/double_init_rom.c.obj
LOAD CMakeFiles/hello_world.dir/home/lsena/Work/picoAccel/pico-sdk/src/rp2_common/pico_double/double_math.c.obj
LOAD CMakeFiles/hello_world.dir/home/lsena/Work/picoAccel/pico-sdk/src/rp2_common/pico_double/double_v1_rom_shim.S.obj
LOAD CMakeFiles/hello_world.dir/home/lsena/Work/picoAccel/pico-sdk/src/rp2_common/pico_int64_ops/pico_int64_ops_aeabi.S.obj
LOAD CMakeFiles/hello_world.dir/home/lsena/Work/picoAccel/pico-sdk/src/rp2_common/pico_float/float_aeabi.S.obj
LOAD CMakeFiles/hello_world.dir/home/lsena/Work/picoAccel/pico-sdk/src/rp2_common/pico_float/float_init_rom.c.obj
LOAD CMakeFiles/hello_world.dir/home/lsena/Work/picoAccel/pico-sdk/src/rp2_common/pico_float/float_math.c.obj
LOAD CMakeFiles/hello_world.dir/home/lsena/Work/picoAccel/pico-sdk/src/rp2_common/pico_float/float_v1_rom_shim.S.obj
LOAD CMakeFiles/hello_world.dir/home/lsena/Work/picoAccel/pico-sdk/src/rp2_common/pico_malloc/pico_malloc.c.obj
LOAD CMakeFiles/hello_world.dir/home/lsena/Work/picoAccel/pico-sdk/src/rp2_common/pico_mem_ops/mem_ops_aeabi.S.obj
LOAD CMakeFiles/hello_world.dir/home/lsena/Work/picoAccel/pico-sdk/src/rp2_common/pico_standard_link/crt0.S.obj
LOAD CMakeFiles/hello_world.dir/home/lsena/Work/picoAccel/pico-sdk/src/rp2_common/pico_standard_link/new_delete.cpp.obj
LOAD CMakeFiles/hello_world.dir/home/lsena/Work/picoAccel/pico-sdk/src/rp2_common/pico_standard_link/binary_info.c.obj
LOAD CMakeFiles/hello_world.dir/home/lsena/Work/picoAccel/pico-sdk/src/rp2_common/pico_stdio/stdio.c.obj
LOAD CMakeFiles/hello_world.dir/home/lsena/Work/picoAccel/pico-sdk/src/rp2_common/pico_stdio_uart/stdio_uart.c.obj
LOAD CMakeFiles/hello_world.dir/home/lsena/Work/picoAccel/pico-sdk/src/rp2_common/pico_stdio_usb/reset_interface.c.obj
LOAD CMakeFiles/hello_world.dir/home/lsena/Work/picoAccel/pico-sdk/src/rp2_common/pico_stdio_usb/stdio_usb.c.obj
LOAD CMakeFiles/hello_world.dir/home/lsena/Work/picoAccel/pico-sdk/src/rp2_common/pico_stdio_usb/stdio_usb_descriptors.c.obj
LOAD CMakeFiles/hello_world.dir/home/lsena/Work/picoAccel/pico-sdk/lib/tinyusb/src/portable/raspberrypi/rp2040/dcd_rp2040.c.obj
LOAD CMakeFiles/hello_world.dir/home/lsena/Work/picoAccel/pico-sdk/lib/tinyusb/src/portable/raspberrypi/rp2040/rp2040_usb.c.obj
LOAD CMakeFiles/hello_world.dir/home/lsena/Work/picoAccel/pico-sdk/lib/tinyusb/src/device/usbd.c.obj
LOAD CMakeFiles/hello_world.dir/home/lsena/Work/picoAccel/pico-sdk/lib/tinyusb/src/device/usbd_control.c.obj
LOAD CMakeFiles/hello_world.dir/home/lsena/Work/picoAccel/pico-sdk/lib/tinyusb/src/class/audio/audio_device.c.obj
LOAD CMakeFiles/hello_world.dir/home/lsena/Work/picoAccel/pico-sdk/lib/tinyusb/src/class/cdc/cdc_device.c.obj
LOAD CMakeFiles/hello_world.dir/home/lsena/Work/picoAccel/pico-sdk/lib/tinyusb/src/class/dfu/dfu_device.c.obj
LOAD CMakeFiles/hello_world.dir/home/lsena/Work/picoAccel/pico-sdk/lib/tinyusb/src/class/dfu/dfu_rt_device.c.obj
LOAD CMakeFiles/hello_world.dir/home/lsena/Work/picoAccel/pico-sdk/lib/tinyusb/src/class/hid/hid_device.c.obj
LOAD CMakeFiles/hello_world.dir/home/lsena/Work/picoAccel/pico-sdk/lib/tinyusb/src/class/midi/midi_device.c.obj
LOAD CMakeFiles/hello_world.dir/home/lsena/Work/picoAccel/pico-sdk/lib/tinyusb/src/class/msc/msc_device.c.obj
LOAD CMakeFiles/hello_world.dir/home/lsena/Work/picoAccel/pico-sdk/lib/tinyusb/src/class/net/ecm_rndis_device.c.obj
LOAD CMakeFiles/hello_world.dir/home/lsena/Work/picoAccel/pico-sdk/lib/tinyusb/src/class/net/ncm_device.c.obj
LOAD CMakeFiles/hello_world.dir/home/lsena/Work/picoAccel/pico-sdk/lib/tinyusb/src/class/usbtmc/usbtmc_device.c.obj
LOAD CMakeFiles/hello_world.dir/home/lsena/Work/picoAccel/pico-sdk/lib/tinyusb/src/class/vendor/vendor_device.c.obj
LOAD CMakeFiles/hello_world.dir/home/lsena/Work/picoAccel/pico-sdk/lib/tinyusb/src/class/video/video_device.c.obj
LOAD CMakeFiles/hello_world.dir/home/lsena/Work/picoAccel/pico-sdk/lib/tinyusb/src/tusb.c.obj
LOAD CMakeFiles/hello_world.dir/home/lsena/Work/picoAccel/pico-sdk/lib/tinyusb/src/common/tusb_fifo.c.obj
LOAD CMakeFiles/hello_world.dir/home/lsena/Work/picoAccel/pico-sdk/src/rp2_common/pico_fix/rp2040_usb_device_enumeration/rp2040_usb_device_enumeration.c.obj
LOAD CMakeFiles/hello_world.dir/home/lsena/Work/picoAccel/pico-sdk/src/rp2_common/pico_unique_id/unique_id.c.obj
LOAD CMakeFiles/hello_world.dir/home/lsena/Work/picoAccel/pico-sdk/src/rp2_common/hardware_flash/flash.c.obj
LOAD /run/user/1000/ccVq6GUD.o
LOAD /nix/store/yshf0x17an3ib9r4sckbwdk6m61dnkay-gcc-arm-embedded-10.3.1/bin/../lib/gcc/arm-none-eabi/10.3.1/../../../../arm-none-eabi/lib/thumb/v6-m/nofp/libstdc++.a
LOAD /nix/store/yshf0x17an3ib9r4sckbwdk6m61dnkay-gcc-arm-embedded-10.3.1/bin/../lib/gcc/arm-none-eabi/10.3.1/../../../../arm-none-eabi/lib/thumb/v6-m/nofp/libm.a
START GROUP
LOAD /nix/store/yshf0x17an3ib9r4sckbwdk6m61dnkay-gcc-arm-embedded-10.3.1/bin/../lib/gcc/arm-none-eabi/10.3.1/thumb/v6-m/nofp/libgcc.a
LOAD /nix/store/yshf0x17an3ib9r4sckbwdk6m61dnkay-gcc-arm-embedded-10.3.1/bin/../lib/gcc/arm-none-eabi/10.3.1/../../../../arm-none-eabi/lib/thumb/v6-m/nofp/libc.a
END GROUP
START GROUP
LOAD /nix/store/yshf0x17an3ib9r4sckbwdk6m61dnkay-gcc-arm-embedded-10.3.1/bin/../lib/gcc/arm-none-eabi/10.3.1/thumb/v6-m/nofp/libgcc.a
LOAD /nix/store/yshf0x17an3ib9r4sckbwdk6m61dnkay-gcc-arm-embedded-10.3.1/bin/../lib/gcc/arm-none-eabi/10.3.1/../../../../arm-none-eabi/lib/thumb/v6-m/nofp/libc.a
LOAD /nix/store/yshf0x17an3ib9r4sckbwdk6m61dnkay-gcc-arm-embedded-10.3.1/bin/../lib/gcc/arm-none-eabi/10.3.1/../../../../arm-none-eabi/lib/thumb/v6-m/nofp/libnosys.a
END GROUP
LOAD /nix/store/yshf0x17an3ib9r4sckbwdk6m61dnkay-gcc-arm-embedded-10.3.1/bin/../lib/gcc/arm-none-eabi/10.3.1/thumb/v6-m/nofp/crtend.o
LOAD /nix/store/yshf0x17an3ib9r4sckbwdk6m61dnkay-gcc-arm-embedded-10.3.1/bin/../lib/gcc/arm-none-eabi/10.3.1/thumb/v6-m/nofp/crtn.o
OUTPUT(hello_world.elf elf32-littlearm)
LOAD linker stubs

.ARM.attributes
                0x0000000000000000       0x28
 .ARM.attributes
                0x0000000000000000       0x1e /nix/store/yshf0x17an3ib9r4sckbwdk6m61dnkay-gcc-arm-embedded-10.3.1/bin/../lib/gcc/arm-none-eabi/10.3.1/thumb/v6-m/nofp/crti.o
 .ARM.attributes
                0x000000000000001e       0x2c /nix/store/yshf0x17an3ib9r4sckbwdk6m61dnkay-gcc-arm-embedded-10.3.1/bin/../lib/gcc/arm-none-eabi/10.3.1/thumb/v6-m/nofp/crtbegin.o
 .ARM.attributes
                0x000000000000004a       0x2c CMakeFiles/hello_world.dir/hello_world.c.obj
 .ARM.attributes
                0x0000000000000076       0x2c CMakeFiles/hello_world.dir/home/lsena/Work/picoAccel/pico-sdk/src/rp2_common/pico_stdlib/stdlib.c.obj
 .ARM.attributes
                0x00000000000000a2       0x2c CMakeFiles/hello_world.dir/home/lsena/Work/picoAccel/pico-sdk/src/rp2_common/hardware_gpio/gpio.c.obj
 .ARM.attributes
                0x00000000000000ce       0x2c CMakeFiles/hello_world.dir/home/lsena/Work/picoAccel/pico-sdk/src/rp2_common/hardware_claim/claim.c.obj
 .ARM.attributes
                0x00000000000000fa       0x2c CMakeFiles/hello_world.dir/home/lsena/Work/picoAccel/pico-sdk/src/rp2_common/pico_platform/platform.c.obj
 .ARM.attributes
                0x0000000000000126       0x2c CMakeFiles/hello_world.dir/home/lsena/Work/picoAccel/pico-sdk/src/rp2_common/hardware_sync/sync.c.obj
 .ARM.attributes
                0x0000000000000152       0x2c CMakeFiles/hello_world.dir/home/lsena/Work/picoAccel/pico-sdk/src/rp2_common/hardware_uart/uart.c.obj
 .ARM.attributes
                0x000000000000017e       0x2c CMakeFiles/hello_world.dir/home/lsena/Work/picoAccel/pico-sdk/src/common/pico_time/time.c.obj
 .ARM.attributes
                0x00000000000001aa       0x2c CMakeFiles/hello_world.dir/home/lsena/Work/picoAccel/pico-sdk/src/rp2_common/hardware_timer/timer.c.obj
 .ARM.attributes
                0x00000000000001d6       0x2c CMakeFiles/hello_world.dir/home/lsena/Work/picoAccel/pico-sdk/src/common/pico_sync/lock_core.c.obj
 .ARM.attributes
                0x0000000000000202       0x2c CMakeFiles/hello_world.dir/home/lsena/Work/picoAccel/pico-sdk/src/common/pico_sync/mutex.c.obj
 .ARM.attributes
                0x000000000000022e       0x2c CMakeFiles/hello_world.dir/home/lsena/Work/picoAccel/pico-sdk/src/common/pico_sync/critical_section.c.obj
 .ARM.attributes
                0x000000000000025a       0x2c CMakeFiles/hello_world.dir/home/lsena/Work/picoAccel/pico-sdk/src/common/pico_util/pheap.c.obj
 .ARM.attributes
                0x0000000000000286       0x2c CMakeFiles/hello_world.dir/home/lsena/Work/picoAccel/pico-sdk/src/rp2_common/pico_runtime/runtime.c.obj
 .ARM.attributes
                0x00000000000002b2       0x2c CMakeFiles/hello_world.dir/home/lsena/Work/picoAccel/pico-sdk/src/rp2_common/hardware_clocks/clocks.c.obj
 .ARM.attributes
                0x00000000000002de       0x2c CMakeFiles/hello_world.dir/home/lsena/Work/picoAccel/pico-sdk/src/rp2_common/hardware_irq/irq.c.obj
 .ARM.attributes
                0x000000000000030a       0x22 CMakeFiles/hello_world.dir/home/lsena/Work/picoAccel/pico-sdk/src/rp2_common/hardware_irq/irq_handler_chain.S.obj
 .ARM.attributes
                0x000000000000032c       0x2c CMakeFiles/hello_world.dir/home/lsena/Work/picoAccel/pico-sdk/src/rp2_common/hardware_pll/pll.c.obj
 .ARM.attributes
                0x0000000000000358       0x2c CMakeFiles/hello_world.dir/home/lsena/Work/picoAccel/pico-sdk/src/rp2_common/hardware_watchdog/watchdog.c.obj
 .ARM.attributes
                0x0000000000000384       0x2c CMakeFiles/hello_world.dir/home/lsena/Work/picoAccel/pico-sdk/src/rp2_common/hardware_xosc/xosc.c.obj
 .ARM.attributes
                0x00000000000003b0       0x2c CMakeFiles/hello_world.dir/home/lsena/Work/picoAccel/pico-sdk/src/rp2_common/pico_printf/printf.c.obj
 .ARM.attributes
                0x00000000000003dc       0x22 CMakeFiles/hello_world.dir/home/lsena/Work/picoAccel/pico-sdk/src/rp2_common/pico_bit_ops/bit_ops_aeabi.S.obj
 .ARM.attributes
                0x00000000000003fe       0x2c CMakeFiles/hello_world.dir/home/lsena/Work/picoAccel/pico-sdk/src/rp2_common/pico_bootrom/bootrom.c.obj
 .ARM.attributes
                0x000000000000042a       0x22 CMakeFiles/hello_world.dir/home/lsena/Work/picoAccel/pico-sdk/src/rp2_common/pico_divider/divider.S.obj
 .ARM.attributes
                0x000000000000044c       0x22 CMakeFiles/hello_world.dir/home/lsena/Work/picoAccel/pico-sdk/src/rp2_common/pico_double/double_aeabi.S.obj
 .ARM.attributes
                0x000000000000046e       0x2c CMakeFiles/hello_world.dir/home/lsena/Work/picoAccel/pico-sdk/src/rp2_common/pico_double/double_init_rom.c.obj
 .ARM.attributes
                0x000000000000049a       0x22 CMakeFiles/hello_world.dir/home/lsena/Work/picoAccel/pico-sdk/src/rp2_common/pico_double/double_v1_rom_shim.S.obj
 .ARM.attributes
                0x00000000000004bc       0x22 CMakeFiles/hello_world.dir/home/lsena/Work/picoAccel/pico-sdk/src/rp2_common/pico_int64_ops/pico_int64_ops_aeabi.S.obj
 .ARM.attributes
                0x00000000000004de       0x22 CMakeFiles/hello_world.dir/home/lsena/Work/picoAccel/pico-sdk/src/rp2_common/pico_float/float_aeabi.S.obj
 .ARM.attributes
                0x0000000000000500       0x2c CMakeFiles/hello_world.dir/home/lsena/Work/picoAccel/pico-sdk/src/rp2_common/pico_float/float_init_rom.c.obj
 .ARM.attributes
                0x000000000000052c       0x22 CMakeFiles/hello_world.dir/home/lsena/Work/picoAccel/pico-sdk/src/rp2_common/pico_float/float_v1_rom_shim.S.obj
 .ARM.attributes
                0x000000000000054e       0x22 CMakeFiles/hello_world.dir/home/lsena/Work/picoAccel/pico-sdk/src/rp2_common/pico_mem_ops/mem_ops_aeabi.S.obj
 .ARM.attributes
                0x0000000000000570       0x22 CMakeFiles/hello_world.dir/home/lsena/Work/picoAccel/pico-sdk/src/rp2_common/pico_standard_link/crt0.S.obj
 .ARM.attributes
                0x0000000000000592       0x2c CMakeFiles/hello_world.dir/home/lsena/Work/picoAccel/pico-sdk/src/rp2_common/pico_standard_link/binary_info.c.obj
 .ARM.attributes
                0x00000000000005be       0x2c CMakeFiles/hello_world.dir/home/lsena/Work/picoAccel/pico-sdk/src/rp2_common/pico_stdio/stdio.c.obj
 .ARM.attributes
                0x00000000000005ea       0x2c CMakeFiles/hello_world.dir/home/lsena/Work/picoAccel/pico-sdk/src/rp2_common/pico_stdio_uart/stdio_uart.c.obj
 .ARM.attributes
                0x0000000000000616       0x2c CMakeFiles/hello_world.dir/home/lsena/Work/picoAccel/pico-sdk/src/rp2_common/pico_stdio_usb/reset_interface.c.obj
 .ARM.attributes
                0x0000000000000642       0x2c CMakeFiles/hello_world.dir/home/lsena/Work/picoAccel/pico-sdk/src/rp2_common/pico_stdio_usb/stdio_usb.c.obj
 .ARM.attributes
                0x000000000000066e       0x2c CMakeFiles/hello_world.dir/home/lsena/Work/picoAccel/pico-sdk/src/rp2_common/pico_stdio_usb/stdio_usb_descriptors.c.obj
 .ARM.attributes
                0x000000000000069a       0x2c CMakeFiles/hello_world.dir/home/lsena/Work/picoAccel/pico-sdk/lib/tinyusb/src/portable/raspberrypi/rp2040/dcd_rp2040.c.obj
 .ARM.attributes
                0x00000000000006c6       0x2c CMakeFiles/hello_world.dir/home/lsena/Work/picoAccel/pico-sdk/lib/tinyusb/src/portable/raspberrypi/rp2040/rp2040_usb.c.obj
 .ARM.attributes
                0x00000000000006f2       0x2c CMakeFiles/hello_world.dir/home/lsena/Work/picoAccel/pico-sdk/lib/tinyusb/src/device/usbd.c.obj
 .ARM.attributes
                0x000000000000071e       0x2c CMakeFiles/hello_world.dir/home/lsena/Work/picoAccel/pico-sdk/lib/tinyusb/src/device/usbd_control.c.obj
 .ARM.attributes
                0x000000000000074a       0x2c CMakeFiles/hello_world.dir/home/lsena/Work/picoAccel/pico-sdk/lib/tinyusb/src/class/cdc/cdc_device.c.obj
 .ARM.attributes
                0x0000000000000776       0x2c CMakeFiles/hello_world.dir/home/lsena/Work/picoAccel/pico-sdk/lib/tinyusb/src/tusb.c.obj
 .ARM.attributes
                0x00000000000007a2       0x2c CMakeFiles/hello_world.dir/home/lsena/Work/picoAccel/pico-sdk/lib/tinyusb/src/common/tusb_fifo.c.obj
 .ARM.attributes
                0x00000000000007ce       0x2c CMakeFiles/hello_world.dir/home/lsena/Work/picoAccel/pico-sdk/src/rp2_common/pico_unique_id/unique_id.c.obj
 .ARM.attributes
                0x00000000000007fa       0x2c CMakeFiles/hello_world.dir/home/lsena/Work/picoAccel/pico-sdk/src/rp2_common/hardware_flash/flash.c.obj
 .ARM.attributes
                0x0000000000000826       0x22 /run/user/1000/ccVq6GUD.o
 .ARM.attributes
                0x0000000000000848       0x1e /nix/store/yshf0x17an3ib9r4sckbwdk6m61dnkay-gcc-arm-embedded-10.3.1/bin/../lib/gcc/arm-none-eabi/10.3.1/thumb/v6-m/nofp/libgcc.a(_dvmd_tls.o)
 .ARM.attributes
                0x0000000000000866       0x2c /nix/store/yshf0x17an3ib9r4sckbwdk6m61dnkay-gcc-arm-embedded-10.3.1/bin/../lib/gcc/arm-none-eabi/10.3.1/../../../../arm-none-eabi/lib/thumb/v6-m/nofp/libc.a(lib_a-strlen-stub.o)

.comment        0x0000000000000000       0x49
 .comment       0x0000000000000000       0x49 CMakeFiles/hello_world.dir/hello_world.c.obj
                                         0x4a (size before relaxing)
 .comment       0x0000000000000049       0x4a CMakeFiles/hello_world.dir/home/lsena/Work/picoAccel/pico-sdk/src/rp2_common/pico_stdlib/stdlib.c.obj
 .comment       0x0000000000000049       0x4a CMakeFiles/hello_world.dir/home/lsena/Work/picoAccel/pico-sdk/src/rp2_common/hardware_gpio/gpio.c.obj
 .comment       0x0000000000000049       0x4a CMakeFiles/hello_world.dir/home/lsena/Work/picoAccel/pico-sdk/src/rp2_common/hardware_claim/claim.c.obj
 .comment       0x0000000000000049       0x4a CMakeFiles/hello_world.dir/home/lsena/Work/picoAccel/pico-sdk/src/rp2_common/pico_platform/platform.c.obj
 .comment       0x0000000000000049       0x4a CMakeFiles/hello_world.dir/home/lsena/Work/picoAccel/pico-sdk/src/rp2_common/hardware_sync/sync.c.obj
 .comment       0x0000000000000049       0x4a CMakeFiles/hello_world.dir/home/lsena/Work/picoAccel/pico-sdk/src/rp2_common/hardware_uart/uart.c.obj
 .comment       0x0000000000000049       0x4a CMakeFiles/hello_world.dir/home/lsena/Work/picoAccel/pico-sdk/src/common/pico_time/time.c.obj
 .comment       0x0000000000000049       0x4a CMakeFiles/hello_world.dir/home/lsena/Work/picoAccel/pico-sdk/src/rp2_common/hardware_timer/timer.c.obj
 .comment       0x0000000000000049       0x4a CMakeFiles/hello_world.dir/home/lsena/Work/picoAccel/pico-sdk/src/common/pico_sync/lock_core.c.obj
 .comment       0x0000000000000049       0x4a CMakeFiles/hello_world.dir/home/lsena/Work/picoAccel/pico-sdk/src/common/pico_sync/mutex.c.obj
 .comment       0x0000000000000049       0x4a CMakeFiles/hello_world.dir/home/lsena/Work/picoAccel/pico-sdk/src/common/pico_sync/critical_section.c.obj
 .comment       0x0000000000000049       0x4a CMakeFiles/hello_world.dir/home/lsena/Work/picoAccel/pico-sdk/src/common/pico_util/pheap.c.obj
 .comment       0x0000000000000049       0x4a CMakeFiles/hello_world.dir/home/lsena/Work/picoAccel/pico-sdk/src/rp2_common/pico_runtime/runtime.c.obj
 .comment       0x0000000000000049       0x4a CMakeFiles/hello_world.dir/home/lsena/Work/picoAccel/pico-sdk/src/rp2_common/hardware_clocks/clocks.c.obj
 .comment       0x0000000000000049       0x4a CMakeFiles/hello_world.dir/home/lsena/Work/picoAccel/pico-sdk/src/rp2_common/hardware_irq/irq.c.obj
 .comment       0x0000000000000049       0x4a CMakeFiles/hello_world.dir/home/lsena/Work/picoAccel/pico-sdk/src/rp2_common/hardware_pll/pll.c.obj
 .comment       0x0000000000000049       0x4a CMakeFiles/hello_world.dir/home/lsena/Work/picoAccel/pico-sdk/src/rp2_common/hardware_watchdog/watchdog.c.obj
 .comment       0x0000000000000049       0x4a CMakeFiles/hello_world.dir/home/lsena/Work/picoAccel/pico-sdk/src/rp2_common/hardware_xosc/xosc.c.obj
 .comment       0x0000000000000049       0x4a CMakeFiles/hello_world.dir/home/lsena/Work/picoAccel/pico-sdk/src/rp2_common/pico_printf/printf.c.obj
 .comment       0x0000000000000049       0x4a CMakeFiles/hello_world.dir/home/lsena/Work/picoAccel/pico-sdk/src/rp2_common/pico_bootrom/bootrom.c.obj
 .comment       0x0000000000000049       0x4a CMakeFiles/hello_world.dir/home/lsena/Work/picoAccel/pico-sdk/src/rp2_common/pico_double/double_init_rom.c.obj
 .comment       0x0000000000000049       0x4a CMakeFiles/hello_world.dir/home/lsena/Work/picoAccel/pico-sdk/src/rp2_common/pico_float/float_init_rom.c.obj
 .comment       0x0000000000000049       0x4a CMakeFiles/hello_world.dir/home/lsena/Work/picoAccel/pico-sdk/src/rp2_common/pico_standard_link/binary_info.c.obj
 .comment       0x0000000000000049       0x4a CMakeFiles/hello_world.dir/home/lsena/Work/picoAccel/pico-sdk/src/rp2_common/pico_stdio/stdio.c.obj
 .comment       0x0000000000000049       0x4a CMakeFiles/hello_world.dir/home/lsena/Work/picoAccel/pico-sdk/src/rp2_common/pico_stdio_uart/stdio_uart.c.obj
 .comment       0x0000000000000049       0x4a CMakeFiles/hello_world.dir/home/lsena/Work/picoAccel/pico-sdk/src/rp2_common/pico_stdio_usb/reset_interface.c.obj
 .comment       0x0000000000000049       0x4a CMakeFiles/hello_world.dir/home/lsena/Work/picoAccel/pico-sdk/src/rp2_common/pico_stdio_usb/stdio_usb.c.obj
 .comment       0x0000000000000049       0x4a CMakeFiles/hello_world.dir/home/lsena/Work/picoAccel/pico-sdk/src/rp2_common/pico_stdio_usb/stdio_usb_descriptors.c.obj
 .comment       0x0000000000000049       0x4a CMakeFiles/hello_world.dir/home/lsena/Work/picoAccel/pico-sdk/lib/tinyusb/src/portable/raspberrypi/rp2040/dcd_rp2040.c.obj
 .comment       0x0000000000000049       0x4a CMakeFiles/hello_world.dir/home/lsena/Work/picoAccel/pico-sdk/lib/tinyusb/src/portable/raspberrypi/rp2040/rp2040_usb.c.obj
 .comment       0x0000000000000049       0x4a CMakeFiles/hello_world.dir/home/lsena/Work/picoAccel/pico-sdk/lib/tinyusb/src/device/usbd.c.obj